Archive member included to satisfy reference by file (symbol)

C:/ST/STM32CubeCLT_1.19.0/GNU-tools-for-STM32/bin/../lib/gcc/arm-none-eabi/13.3.1/../../../../arm-none-eabi/lib/thumb/v7e-m+fp/hard\libc_nano.a(libc_a-exit.o)
                              C:/ST/STM32CubeCLT_1.19.0/GNU-tools-for-STM32/bin/../lib/gcc/arm-none-eabi/13.3.1/../../../../arm-none-eabi/lib/thumb/v7e-m+fp/hard/crt0.o (exit)
C:/ST/STM32CubeCLT_1.19.0/GNU-tools-for-STM32/bin/../lib/gcc/arm-none-eabi/13.3.1/../../../../arm-none-eabi/lib/thumb/v7e-m+fp/hard\libc_nano.a(libc_a-findfp.o)
                              C:/ST/STM32CubeCLT_1.19.0/GNU-tools-for-STM32/bin/../lib/gcc/arm-none-eabi/13.3.1/../../../../arm-none-eabi/lib/thumb/v7e-m+fp/hard\libc_nano.a(libc_a-exit.o) (__stdio_exit_handler)
C:/ST/STM32CubeCLT_1.19.0/GNU-tools-for-STM32/bin/../lib/gcc/arm-none-eabi/13.3.1/../../../../arm-none-eabi/lib/thumb/v7e-m+fp/hard\libc_nano.a(libc_a-fwalk.o)
                              C:/ST/STM32CubeCLT_1.19.0/GNU-tools-for-STM32/bin/../lib/gcc/arm-none-eabi/13.3.1/../../../../arm-none-eabi/lib/thumb/v7e-m+fp/hard\libc_nano.a(libc_a-findfp.o) (_fwalk_sglue)
C:/ST/STM32CubeCLT_1.19.0/GNU-tools-for-STM32/bin/../lib/gcc/arm-none-eabi/13.3.1/../../../../arm-none-eabi/lib/thumb/v7e-m+fp/hard\libc_nano.a(libc_a-stdio.o)
                              C:/ST/STM32CubeCLT_1.19.0/GNU-tools-for-STM32/bin/../lib/gcc/arm-none-eabi/13.3.1/../../../../arm-none-eabi/lib/thumb/v7e-m+fp/hard\libc_nano.a(libc_a-findfp.o) (__sread)
C:/ST/STM32CubeCLT_1.19.0/GNU-tools-for-STM32/bin/../lib/gcc/arm-none-eabi/13.3.1/../../../../arm-none-eabi/lib/thumb/v7e-m+fp/hard\libc_nano.a(libc_a-memset.o)
                              C:/ST/STM32CubeCLT_1.19.0/GNU-tools-for-STM32/bin/../lib/gcc/arm-none-eabi/13.3.1/../../../../arm-none-eabi/lib/thumb/v7e-m+fp/hard/crt0.o (memset)
C:/ST/STM32CubeCLT_1.19.0/GNU-tools-for-STM32/bin/../lib/gcc/arm-none-eabi/13.3.1/../../../../arm-none-eabi/lib/thumb/v7e-m+fp/hard\libc_nano.a(libc_a-closer.o)
                              C:/ST/STM32CubeCLT_1.19.0/GNU-tools-for-STM32/bin/../lib/gcc/arm-none-eabi/13.3.1/../../../../arm-none-eabi/lib/thumb/v7e-m+fp/hard\libc_nano.a(libc_a-stdio.o) (_close_r)
C:/ST/STM32CubeCLT_1.19.0/GNU-tools-for-STM32/bin/../lib/gcc/arm-none-eabi/13.3.1/../../../../arm-none-eabi/lib/thumb/v7e-m+fp/hard\libc_nano.a(libc_a-reent.o)
                              C:/ST/STM32CubeCLT_1.19.0/GNU-tools-for-STM32/bin/../lib/gcc/arm-none-eabi/13.3.1/../../../../arm-none-eabi/lib/thumb/v7e-m+fp/hard\libc_nano.a(libc_a-closer.o) (errno)
C:/ST/STM32CubeCLT_1.19.0/GNU-tools-for-STM32/bin/../lib/gcc/arm-none-eabi/13.3.1/../../../../arm-none-eabi/lib/thumb/v7e-m+fp/hard\libc_nano.a(libc_a-impure.o)
                              C:/ST/STM32CubeCLT_1.19.0/GNU-tools-for-STM32/bin/../lib/gcc/arm-none-eabi/13.3.1/../../../../arm-none-eabi/lib/thumb/v7e-m+fp/hard\libc_nano.a(libc_a-reent.o) (_impure_ptr)
C:/ST/STM32CubeCLT_1.19.0/GNU-tools-for-STM32/bin/../lib/gcc/arm-none-eabi/13.3.1/../../../../arm-none-eabi/lib/thumb/v7e-m+fp/hard\libc_nano.a(libc_a-lseekr.o)
                              C:/ST/STM32CubeCLT_1.19.0/GNU-tools-for-STM32/bin/../lib/gcc/arm-none-eabi/13.3.1/../../../../arm-none-eabi/lib/thumb/v7e-m+fp/hard\libc_nano.a(libc_a-stdio.o) (_lseek_r)
C:/ST/STM32CubeCLT_1.19.0/GNU-tools-for-STM32/bin/../lib/gcc/arm-none-eabi/13.3.1/../../../../arm-none-eabi/lib/thumb/v7e-m+fp/hard\libc_nano.a(libc_a-readr.o)
                              C:/ST/STM32CubeCLT_1.19.0/GNU-tools-for-STM32/bin/../lib/gcc/arm-none-eabi/13.3.1/../../../../arm-none-eabi/lib/thumb/v7e-m+fp/hard\libc_nano.a(libc_a-stdio.o) (_read_r)
C:/ST/STM32CubeCLT_1.19.0/GNU-tools-for-STM32/bin/../lib/gcc/arm-none-eabi/13.3.1/../../../../arm-none-eabi/lib/thumb/v7e-m+fp/hard\libc_nano.a(libc_a-writer.o)
                              C:/ST/STM32CubeCLT_1.19.0/GNU-tools-for-STM32/bin/../lib/gcc/arm-none-eabi/13.3.1/../../../../arm-none-eabi/lib/thumb/v7e-m+fp/hard\libc_nano.a(libc_a-stdio.o) (_write_r)
C:/ST/STM32CubeCLT_1.19.0/GNU-tools-for-STM32/bin/../lib/gcc/arm-none-eabi/13.3.1/../../../../arm-none-eabi/lib/thumb/v7e-m+fp/hard\libc_nano.a(libc_a-init.o)
                              C:/ST/STM32CubeCLT_1.19.0/GNU-tools-for-STM32/bin/../lib/gcc/arm-none-eabi/13.3.1/../../../../arm-none-eabi/lib/thumb/v7e-m+fp/hard/crt0.o (__libc_init_array)
C:/ST/STM32CubeCLT_1.19.0/GNU-tools-for-STM32/bin/../lib/gcc/arm-none-eabi/13.3.1/../../../../arm-none-eabi/lib/thumb/v7e-m+fp/hard\libc_nano.a(libc_a-lock.o)
                              C:/ST/STM32CubeCLT_1.19.0/GNU-tools-for-STM32/bin/../lib/gcc/arm-none-eabi/13.3.1/../../../../arm-none-eabi/lib/thumb/v7e-m+fp/hard\libc_nano.a(libc_a-findfp.o) (__retarget_lock_init_recursive)
C:/ST/STM32CubeCLT_1.19.0/GNU-tools-for-STM32/bin/../lib/gcc/arm-none-eabi/13.3.1/../../../../arm-none-eabi/lib/thumb/v7e-m+fp/hard\libc_nano.a(libc_a-freer.o)
[...]
Memory Configuration

Name             Origin             Length             Attributes
RAM              0x20000000         0x00020000         xrw
FLASH            0x08000000         0x00080000         xr
*default*        0x00000000         0xffffffff

Linker script and memory map

LOAD C:/ST/STM32CubeCLT_1.19.0/GNU-tools-for-STM32/bin/../lib/gcc/arm-none-eabi/13.3.1/thumb/v7e-m+fp/hard/crti.o
LOAD C:/ST/STM32CubeCLT_1.19.0/GNU-tools-for-STM32/bin/../lib/gcc/arm-none-eabi/13.3.1/thumb/v7e-m+fp/hard/crtbegin.o
LOAD C:/ST/STM32CubeCLT_1.19.0/GNU-tools-for-STM32/bin/../lib/gcc/arm-none-eabi/13.3.1/../../../../arm-none-eabi/lib/thumb/v7e-m+fp/hard/crt0.o
START GROUP
LOAD C:/ST/STM32CubeCLT_1.19.0/GNU-tools-for-STM32/bin/../lib/gcc/arm-none-eabi/13.3.1/../../../../arm-none-eabi/lib/thumb/v7e-m+fp/hard\libc_nano.a
LOAD C:/ST/STM32CubeCLT_1.19.0/GNU-tools-for-STM32/bin/../lib/gcc/arm-none-eabi/13.3.1/../../../../arm-none-eabi/lib/thumb/v7e-m+fp/hard\libm.a
END GROUP
LOAD CMakeFiles/G4sensorNodeA02.dir/Core/Src/main.c.obj
LOAD CMakeFiles/G4sensorNodeA02.dir/Core/Src/gpio.c.obj
LOAD CMakeFiles/G4sensorNodeA02.dir/Core/Src/adc.c.obj
LOAD CMakeFiles/G4sensorNodeA02.dir/Core/Src/dma.c.obj
LOAD CMakeFiles/G4sensorNodeA02.dir/Core/Src/i2c.c.obj
LOAD CMakeFiles/G4sensorNodeA02.dir/Core/Src/tim.c.obj
LOAD CMakeFiles/G4sensorNodeA02.dir/Core/Src/sk6812.c.obj
LOAD CMakeFiles/G4sensorNodeA02.dir/Core/Src/tmp117.c.obj
LOAD CMakeFiles/G4sensorNodeA02.dir/Core/Src/adc_dma.c.obj
LOAD CMakeFiles/G4sensorNodeA02.dir/Core/Src/tc_k.c.obj
LOAD CMakeFiles/G4sensorNodeA02.dir/Core/Src/stm32g4xx_it.c.obj
LOAD CMakeFiles/G4sensorNodeA02.dir/Core/Src/stm32g4xx_hal_msp.c.obj
LOAD CMakeFiles/G4sensorNodeA02.dir/Drivers/STM32G4xx_HAL_Driver/Src/stm32g4xx_hal_adc.c.obj
LOAD CMakeFiles/G4sensorNodeA02.dir/Drivers/STM32G4xx_HAL_Driver/Src/stm32g4xx_hal_adc_ex.c.obj
LOAD CMakeFiles/G4sensorNodeA02.dir/Drivers/STM32G4xx_HAL_Driver/Src/stm32g4xx_ll_adc.c.obj
LOAD CMakeFiles/G4sensorNodeA02.dir/Drivers/STM32G4xx_HAL_Driver/Src/stm32g4xx_hal.c.obj
LOAD CMakeFiles/G4sensorNodeA02.dir/Drivers/STM32G4xx_HAL_Driver/Src/stm32g4xx_hal_rcc.c.obj
LOAD CMakeFiles/G4sensorNodeA02.dir/Drivers/STM32G4xx_HAL_Driver/Src/stm32g4xx_hal_rcc_ex.c.obj
LOAD CMakeFiles/G4sensorNodeA02.dir/Drivers/STM32G4xx_HAL_Driver/Src/stm32g4xx_hal_flash.c.obj
LOAD CMakeFiles/G4sensorNodeA02.dir/Drivers/STM32G4xx_HAL_Driver/Src/stm32g4xx_hal_flash_ex.c.obj
LOAD CMakeFiles/G4sensorNodeA02.dir/Drivers/STM32G4xx_HAL_Driver/Src/stm32g4xx_hal_flash_ramfunc.c.obj
LOAD CMakeFiles/G4sensorNodeA02.dir/Drivers/STM32G4xx_HAL_Driver/Src/stm32g4xx_hal_gpio.c.obj
LOAD CMakeFiles/G4sensorNodeA02.dir/Drivers/STM32G4xx_HAL_Driver/Src/stm32g4xx_hal_exti.c.obj
LOAD CMakeFiles/G4sensorNodeA02.dir/Drivers/STM32G4xx_HAL_Driver/Src/stm32g4xx_hal_dma.c.obj
LOAD CMakeFiles/G4sensorNodeA02.dir/Drivers/STM32G4xx_HAL_Driver/Src/stm32g4xx_hal_dma_ex.c.obj
LOAD CMakeFiles/G4sensorNodeA02.dir/Drivers/STM32G4xx_HAL_Driver/Src/stm32g4xx_hal_pwr.c.obj
LOAD CMakeFiles/G4sensorNodeA02.dir/Drivers/STM32G4xx_HAL_Driver/Src/stm32g4xx_hal_pwr_ex.c.obj
LOAD CMakeFiles/G4sensorNodeA02.dir/Drivers/STM32G4xx_HAL_Driver/Src/stm32g4xx_hal_cortex.c.obj
LOAD CMakeFiles/G4sensorNodeA02.dir/Drivers/STM32G4xx_HAL_Driver/Src/stm32g4xx_hal_i2c.c.obj
LOAD CMakeFiles/G4sensorNodeA02.dir/Drivers/STM32G4xx_HAL_Driver/Src/stm32g4xx_hal_i2c_ex.c.obj
LOAD CMakeFiles/G4sensorNodeA02.dir/Drivers/STM32G4xx_HAL_Driver/Src/stm32g4xx_hal_tim.c.obj
LOAD CMakeFiles/G4sensorNodeA02.dir/Drivers/STM32G4xx_HAL_Driver/Src/stm32g4xx_hal_tim_ex.c.obj
LOAD CMakeFiles/G4sensorNodeA02.dir/Core/Src/system_stm32g4xx.c.obj
LOAD CMakeFiles/G4sensorNodeA02.dir/Core/Src/sysmem.c.obj
LOAD CMakeFiles/G4sensorNodeA02.dir/Core/Src/syscalls.c.obj
LOAD CMakeFiles/G4sensorNodeA02.dir/startup_stm32g474xx.s.obj
START GROUP
LOAD C:/ST/STM32CubeCLT_1.19.0/GNU-tools-for-STM32/bin/../lib/gcc/arm-none-eabi/13.3.1/thumb/v7e-m+fp/hard\libgcc.a
LOAD C:/ST/STM32CubeCLT_1.19.0/GNU-tools-for-STM32/bin/../lib/gcc/arm-none-eabi/13.3.1/../../../../arm-none-eabi/lib/thumb/v7e-m+fp/hard\libg_nano.a
LOAD C:/ST/STM32CubeCLT_1.19.0/GNU-tools-for-STM32/bin/../lib/gcc/arm-none-eabi/13.3.1/../../../../arm-none-eabi/lib/thumb/v7e-m+fp/hard\libc_nano.a
END GROUP
START GROUP
LOAD C:/ST/STM32CubeCLT_1.19.0/GNU-tools-for-STM32/bin/../lib/gcc/arm-none-eabi/13.3.1/thumb/v7e-m+fp/hard\libgcc.a
LOAD C:/ST/STM32CubeCLT_1.19.0/GNU-tools-for-STM32/bin/../lib/gcc/arm-none-eabi/13.3.1/../../../../arm-none-eabi/lib/thumb/v7e-m+fp/hard\libc_nano.a
END GROUP
LOAD C:/ST/STM32CubeCLT_1.19.0/GNU-tools-for-STM32/bin/../lib/gcc/arm-none-eabi/13.3.1/thumb/v7e-m+fp/hard/crtend.o
LOAD C:/ST/STM32CubeCLT_1.19.0/GNU-tools-for-STM32/bin/../lib/gcc/arm-none-eabi/13.3.1/thumb/v7e-m+fp/hard/crtn.o
                0x20020000                        _estack = (ORIGIN (RAM) + LENGTH (RAM))
                0x00000200                        _Min_Heap_Size = 0x200
                0x00000400                        _Min_Stack_Size = 0x400

.isr_vector     0x08000000      0x1d8
                0x08000000                        . = ALIGN (0x4)
 *(.isr_vector)
 .isr_vector    0x08000000      0x1d8 CMakeFiles/G4sensorNodeA02.dir/startup_stm32g474xx.s.obj
                0x08000000                g_pfnVectors
                0x080001d8                        . = ALIGN (0x4)

.text           0x080001d8     0xa9f0
                0x080001d8                        . = ALIGN (0x4)
 *(.text)
 .text          0x080001d8       0x40 C:/ST/STM32CubeCLT_1.19.0/GNU-tools-for-STM32/bin/../lib/gcc/arm-none-eabi/13.3.1/thumb/v7e-m+fp/hard/crtbegin.o
 *(.text*)
 .text.memset   0x08000218       0x10 C:/ST/STM32CubeCLT_1.19.0/GNU-tools-for-STM32/bin/../lib/gcc/arm-none-eabi/13.3.1/../../../../arm-none-eabi/lib/thumb/v7e-m+fp/hard\libc_nano.a(libc_a-memset.o)
                0x08000218                memset
 .text.__libc_init_array
                0x08000228       0x48 C:/ST/STM32CubeCLT_1.19.0/GNU-tools-for-STM32/bin/../lib/gcc/arm-none-eabi/13.3.1/../../../../arm-none-eabi/lib/thumb/v7e-m+fp/hard\libc_nano.a(libc_a-init.o)
                0x08000228                __libc_init_array
 .text.main     0x08000270      0x4e0 CMakeFiles/G4sensorNodeA02.dir/Core/Src/main.c.obj
                0x08000270                main
 .text.SystemClock_Config
                0x08000750       0x92 CMakeFiles/G4sensorNodeA02.dir/Core/Src/main.c.obj
                0x08000750                SystemClock_Config
 *fill*         0x080007e2        0x2 
 .text.HAL_I2C_MemRxCpltCallback
                0x080007e4       0x24 CMakeFiles/G4sensorNodeA02.dir/Core/Src/main.c.obj
                0x080007e4                HAL_I2C_MemRxCpltCallback
 .text.Error_Handler
                0x08000808        0xc CMakeFiles/G4sensorNodeA02.dir/Core/Src/main.c.obj
                0x08000808                Error_Handler
 .text.MX_GPIO_Init
                0x08000814      0x138 CMakeFiles/G4sensorNodeA02.dir/Core/Src/gpio.c.obj
                0x08000814                MX_GPIO_Init
 .text.MX_ADC1_Init
                0x0800094c      0x12c CMakeFiles/G4sensorNodeA02.dir/Core/Src/adc.c.obj
                0x0800094c                MX_ADC1_Init
 .text.MX_ADC2_Init
                0x08000a78      0x108 CMakeFiles/G4sensorNodeA02.dir/Core/Src/adc.c.obj
                0x08000a78                MX_ADC2_Init
 .text.MX_ADC3_Init
                0x08000b80      0x130 CMakeFiles/G4sensorNodeA02.dir/Core/Src/adc.c.obj
                0x08000b80                MX_ADC3_Init
 .text.MX_ADC4_Init
                0x08000cb0      0x108 CMakeFiles/G4sensorNodeA02.dir/Core/Src/adc.c.obj
                0x08000cb0                MX_ADC4_Init
 .text.HAL_ADC_MspInit
                0x08000db8      0x408 CMakeFiles/G4sensorNodeA02.dir/Core/Src/adc.c.obj
                0x08000db8                HAL_ADC_MspInit
 .text.MX_DMA_Init
                0x080011c0       0xb4 CMakeFiles/G4sensorNodeA02.dir/Core/Src/dma.c.obj
                0x080011c0                MX_DMA_Init
 .text.MX_I2C4_Init
                0x08001274       0x80 CMakeFiles/G4sensorNodeA02.dir/Core/Src/i2c.c.obj
                0x08001274                MX_I2C4_Init
 .text.HAL_I2C_MspInit
                0x080012f4      0x1cc CMakeFiles/G4sensorNodeA02.dir/Core/Src/i2c.c.obj
                0x080012f4                HAL_I2C_MspInit
 .text.MX_TIM5_Init
                0x080014c0       0xb4 CMakeFiles/G4sensorNodeA02.dir/Core/Src/tim.c.obj
                0x080014c0                MX_TIM5_Init
 .text.MX_TIM6_Init
                0x08001574       0x6c CMakeFiles/G4sensorNodeA02.dir/Core/Src/tim.c.obj
                0x08001574                MX_TIM6_Init
 .text.HAL_TIM_PWM_MspInit
                0x080015e0       0xac CMakeFiles/G4sensorNodeA02.dir/Core/Src/tim.c.obj
                0x080015e0                HAL_TIM_PWM_MspInit
 .text.HAL_TIM_Base_MspInit
                0x0800168c       0x40 CMakeFiles/G4sensorNodeA02.dir/Core/Src/tim.c.obj
                0x0800168c                HAL_TIM_Base_MspInit
 .text.HAL_TIM_MspPostInit
                0x080016cc       0x70 CMakeFiles/G4sensorNodeA02.dir/Core/Src/tim.c.obj
                0x080016cc                HAL_TIM_MspPostInit
 .text.encode_byte
                0x0800173c       0x5c CMakeFiles/G4sensorNodeA02.dir/Core/Src/sk6812.c.obj
 .text.sk6812_init
                0x08001798       0x6c CMakeFiles/G4sensorNodeA02.dir/Core/Src/sk6812.c.obj
                0x08001798                sk6812_init
 .text.sk6812_set_rgb
                0x08001804       0x64 CMakeFiles/G4sensorNodeA02.dir/Core/Src/sk6812.c.obj
                0x08001804                sk6812_set_rgb
 .text.gamma_correct
                0x08001868       0x5c CMakeFiles/G4sensorNodeA02.dir/Core/Src/sk6812.c.obj
 .text.hsi2rgb  0x080018c4      0x3e4 CMakeFiles/G4sensorNodeA02.dir/Core/Src/sk6812.c.obj
 .text.sk6812_set_hsi
                0x08001ca8       0x48 CMakeFiles/G4sensorNodeA02.dir/Core/Src/sk6812.c.obj
                0x08001ca8                sk6812_set_hsi
 .text.sk6812_set_temperature
                0x08001cf0       0xc0 CMakeFiles/G4sensorNodeA02.dir/Core/Src/sk6812.c.obj
                0x08001cf0                sk6812_set_temperature
 .text.sk6812_show
                0x08001db0       0xe0 CMakeFiles/G4sensorNodeA02.dir/Core/Src/sk6812.c.obj
                0x08001db0                sk6812_show
 .text.HAL_TIM_PWM_PulseFinishedCallback
                0x08001e90       0x3c CMakeFiles/G4sensorNodeA02.dir/Core/Src/sk6812.c.obj
                0x08001e90                HAL_TIM_PWM_PulseFinishedCallback
 .text.TMP117_RawToC
                0x08001ecc       0x30 CMakeFiles/G4sensorNodeA02.dir/Core/Src/tmp117.c.obj
 .text.TMP117_Init
                0x08001efc       0x32 CMakeFiles/G4sensorNodeA02.dir/Core/Src/tmp117.c.obj
                0x08001efc                TMP117_Init
 .text.TMP117_IsReady
                0x08001f2e       0x26 CMakeFiles/G4sensorNodeA02.dir/Core/Src/tmp117.c.obj
                0x08001f2e                TMP117_IsReady
 .text.TMP117_StartReadTemp_DMA
                0x08001f54       0x70 CMakeFiles/G4sensorNodeA02.dir/Core/Src/tmp117.c.obj
                0x08001f54                TMP117_StartReadTemp_DMA
 .text.TMP117_I2C_MemRxCpltIRQ
                0x08001fc4       0x74 CMakeFiles/G4sensorNodeA02.dir/Core/Src/tmp117.c.obj
                0x08001fc4                TMP117_I2C_MemRxCpltIRQ
 .text.idx_from_adc
                0x08002038       0x5c CMakeFiles/G4sensorNodeA02.dir/Core/Src/adc_dma.c.obj
 .text.buf_from_adc
                0x08002094       0x6c CMakeFiles/G4sensorNodeA02.dir/Core/Src/adc_dma.c.obj
 .text.process_half_block
                0x08002100       0xa8 CMakeFiles/G4sensorNodeA02.dir/Core/Src/adc_dma.c.obj
 .text.HAL_ADC_ConvHalfCpltCallback
                0x080021a8       0x28 CMakeFiles/G4sensorNodeA02.dir/Core/Src/adc_dma.c.obj
                0x080021a8                HAL_ADC_ConvHalfCpltCallback
 .text.HAL_ADC_ConvCpltCallback
                0x080021d0       0x28 CMakeFiles/G4sensorNodeA02.dir/Core/Src/adc_dma.c.obj
                0x080021d0                HAL_ADC_ConvCpltCallback
 .text.HAL_ADC_ErrorCallback
                0x080021f8       0x14 CMakeFiles/G4sensorNodeA02.dir/Core/Src/adc_dma.c.obj
                0x080021f8                HAL_ADC_ErrorCallback
 .text.ADC_DMA_StartAll
                0x0800220c       0x7c CMakeFiles/G4sensorNodeA02.dir/Core/Src/adc_dma.c.obj
                0x0800220c                ADC_DMA_StartAll
 .text.clampf   0x08002288       0x52 CMakeFiles/G4sensorNodeA02.dir/Core/Src/tc_k.c.obj
 .text.hornerf  0x080022da       0x68 CMakeFiles/G4sensorNodeA02.dir/Core/Src/tc_k.c.obj
 .text.tc_k_init
                0x08002342       0x3a CMakeFiles/G4sensorNodeA02.dir/Core/Src/tc_k.c.obj
                0x08002342                tc_k_init
 .text.tc_k_emf_uV_from_temp_C
                0x0800237c       0xbc CMakeFiles/G4sensorNodeA02.dir/Core/Src/tc_k.c.obj
                0x0800237c                tc_k_emf_uV_from_temp_C
 .text.tc_k_temp_C_from_emf_uV
                0x08002438       0x94 CMakeFiles/G4sensorNodeA02.dir/Core/Src/tc_k.c.obj
                0x08002438                tc_k_temp_C_from_emf_uV
 .text.tc_k_convert
                0x080024cc       0xc8 CMakeFiles/G4sensorNodeA02.dir/Core/Src/tc_k.c.obj
                0x080024cc                tc_k_convert
 .text.tc_k_convert4
                0x08002594       0x60 CMakeFiles/G4sensorNodeA02.dir/Core/Src/tc_k.c.obj
                0x08002594                tc_k_convert4
 .text.NMI_Handler
                0x080025f4        0x8 CMakeFiles/G4sensorNodeA02.dir/Core/Src/stm32g4xx_it.c.obj
                0x080025f4                NMI_Handler
 .text.HardFault_Handler
                0x080025fc        0x8 CMakeFiles/G4sensorNodeA02.dir/Core/Src/stm32g4xx_it.c.obj
                0x080025fc                HardFault_Handler
 .text.MemManage_Handler
                0x08002604        0x8 CMakeFiles/G4sensorNodeA02.dir/Core/Src/stm32g4xx_it.c.obj
                0x08002604                MemManage_Handler
 .text.BusFault_Handler
                0x0800260c        0x8 CMakeFiles/G4sensorNodeA02.dir/Core/Src/stm32g4xx_it.c.obj
                0x0800260c                BusFault_Handler
 .text.UsageFault_Handler
                0x08002614        0x8 CMakeFiles/G4sensorNodeA02.dir/Core/Src/stm32g4xx_it.c.obj
                0x08002614                UsageFault_Handler
 .text.SVC_Handler
                0x0800261c        0xe CMakeFiles/G4sensorNodeA02.dir/Core/Src/stm32g4xx_it.c.obj
                0x0800261c                SVC_Handler
 .text.DebugMon_Handler
                0x0800262a        0xe CMakeFiles/G4sensorNodeA02.dir/Core/Src/stm32g4xx_it.c.obj
                0x0800262a                DebugMon_Handler
 .text.PendSV_Handler
                0x08002638        0xe CMakeFiles/G4sensorNodeA02.dir/Core/Src/stm32g4xx_it.c.obj
                0x08002638                PendSV_Handler
 .text.SysTick_Handler
                0x08002646        0xc CMakeFiles/G4sensorNodeA02.dir/Core/Src/stm32g4xx_it.c.obj
                0x08002646                SysTick_Handler
 .text.EXTI0_IRQHandler
                0x08002652        0xe CMakeFiles/G4sensorNodeA02.dir/Core/Src/stm32g4xx_it.c.obj
                0x08002652                EXTI0_IRQHandler
 .text.EXTI4_IRQHandler
                0x08002660        0xe CMakeFiles/G4sensorNodeA02.dir/Core/Src/stm32g4xx_it.c.obj
                0x08002660                EXTI4_IRQHandler
 *fill*         0x0800266e        0x2 
 .text.DMA1_Channel1_IRQHandler
                0x08002670       0x14 CMakeFiles/G4sensorNodeA02.dir/Core/Src/stm32g4xx_it.c.obj
                0x08002670                DMA1_Channel1_IRQHandler
 .text.DMA1_Channel2_IRQHandler
                0x08002684       0x14 CMakeFiles/G4sensorNodeA02.dir/Core/Src/stm32g4xx_it.c.obj
                0x08002684                DMA1_Channel2_IRQHandler
 .text.DMA1_Channel3_IRQHandler
                0x08002698       0x14 CMakeFiles/G4sensorNodeA02.dir/Core/Src/stm32g4xx_it.c.obj
                0x08002698                DMA1_Channel3_IRQHandler
 .text.DMA1_Channel4_IRQHandler
                0x080026ac       0x14 CMakeFiles/G4sensorNodeA02.dir/Core/Src/stm32g4xx_it.c.obj
                0x080026ac                DMA1_Channel4_IRQHandler
 .text.DMA1_Channel5_IRQHandler
                0x080026c0       0x14 CMakeFiles/G4sensorNodeA02.dir/Core/Src/stm32g4xx_it.c.obj
                0x080026c0                DMA1_Channel5_IRQHandler
 .text.DMA1_Channel6_IRQHandler
                0x080026d4       0x14 CMakeFiles/G4sensorNodeA02.dir/Core/Src/stm32g4xx_it.c.obj
                0x080026d4                DMA1_Channel6_IRQHandler
 .text.DMA1_Channel7_IRQHandler
                0x080026e8       0x14 CMakeFiles/G4sensorNodeA02.dir/Core/Src/stm32g4xx_it.c.obj
                0x080026e8                DMA1_Channel7_IRQHandler
 .text.TIM5_IRQHandler
                0x080026fc       0x14 CMakeFiles/G4sensorNodeA02.dir/Core/Src/stm32g4xx_it.c.obj
                0x080026fc                TIM5_IRQHandler
 .text.I2C4_EV_IRQHandler
                0x08002710       0x14 CMakeFiles/G4sensorNodeA02.dir/Core/Src/stm32g4xx_it.c.obj
                0x08002710                I2C4_EV_IRQHandler
 .text.I2C4_ER_IRQHandler
                0x08002724       0x14 CMakeFiles/G4sensorNodeA02.dir/Core/Src/stm32g4xx_it.c.obj
                0x08002724                I2C4_ER_IRQHandler
 .text.HAL_MspInit
                0x08002738       0x48 CMakeFiles/G4sensorNodeA02.dir/Core/Src/stm32g4xx_hal_msp.c.obj
                0x08002738                HAL_MspInit
 .text.LL_ADC_SetCommonClock
                0x08002780       0x26 CMakeFiles/G4sensorNodeA02.dir/Drivers/STM32G4xx_HAL_Driver/Src/stm32g4xx_hal_adc.c.obj
 .text.LL_ADC_SetCommonPathInternalCh
                0x080027a6       0x26 CMakeFiles/G4sensorNodeA02.dir/Drivers/STM32G4xx_HAL_Driver/Src/stm32g4xx_hal_adc.c.obj
 .text.LL_ADC_GetCommonPathInternalCh
                0x080027cc       0x1c CMakeFiles/G4sensorNodeA02.dir/Drivers/STM32G4xx_HAL_Driver/Src/stm32g4xx_hal_adc.c.obj
 .text.LL_ADC_SetOffset
                0x080027e8       0x48 CMakeFiles/G4sensorNodeA02.dir/Drivers/STM32G4xx_HAL_Driver/Src/stm32g4xx_hal_adc.c.obj
 .text.LL_ADC_GetOffsetChannel
                0x08002830       0x2c CMakeFiles/G4sensorNodeA02.dir/Drivers/STM32G4xx_HAL_Driver/Src/stm32g4xx_hal_adc.c.obj
 .text.LL_ADC_SetOffsetState
                0x0800285c       0x36 CMakeFiles/G4sensorNodeA02.dir/Drivers/STM32G4xx_HAL_Driver/Src/stm32g4xx_hal_adc.c.obj
 .text.LL_ADC_SetOffsetSign
                0x08002892       0x36 CMakeFiles/G4sensorNodeA02.dir/Drivers/STM32G4xx_HAL_Driver/Src/stm32g4xx_hal_adc.c.obj
 .text.LL_ADC_SetOffsetSaturation
                0x080028c8       0x36 CMakeFiles/G4sensorNodeA02.dir/Drivers/STM32G4xx_HAL_Driver/Src/stm32g4xx_hal_adc.c.obj
 .text.LL_ADC_SetSamplingTimeCommonConfig
                0x080028fe       0x26 CMakeFiles/G4sensorNodeA02.dir/Drivers/STM32G4xx_HAL_Driver/Src/stm32g4xx_hal_adc.c.obj
 .text.LL_ADC_REG_IsTriggerSourceSWStart
                0x08002924       0x26 CMakeFiles/G4sensorNodeA02.dir/Drivers/STM32G4xx_HAL_Driver/Src/stm32g4xx_hal_adc.c.obj
 .text.LL_ADC_REG_SetSequencerRanks
                0x0800294a       0x58 CMakeFiles/G4sensorNodeA02.dir/Drivers/STM32G4xx_HAL_Driver/Src/stm32g4xx_hal_adc.c.obj
 .text.LL_ADC_SetChannelSamplingTime
                0x080029a2       0x56 CMakeFiles/G4sensorNodeA02.dir/Drivers/STM32G4xx_HAL_Driver/Src/stm32g4xx_hal_adc.c.obj
 .text.LL_ADC_SetChannelSingleDiff
                0x080029f8       0x48 CMakeFiles/G4sensorNodeA02.dir/Drivers/STM32G4xx_HAL_Driver/Src/stm32g4xx_hal_adc.c.obj
 .text.LL_ADC_GetMultimode
                0x08002a40       0x1c CMakeFiles/G4sensorNodeA02.dir/Drivers/STM32G4xx_HAL_Driver/Src/stm32g4xx_hal_adc.c.obj
 .text.LL_ADC_DisableDeepPowerDown
                0x08002a5c       0x24 CMakeFiles/G4sensorNodeA02.dir/Drivers/STM32G4xx_HAL_Driver/Src/stm32g4xx_hal_adc.c.obj
 .text.LL_ADC_IsDeepPowerDownEnabled
                0x08002a80       0x28 CMakeFiles/G4sensorNodeA02.dir/Drivers/STM32G4xx_HAL_Driver/Src/stm32g4xx_hal_adc.c.obj
 .text.LL_ADC_EnableInternalRegulator
                0x08002aa8       0x28 CMakeFiles/G4sensorNodeA02.dir/Drivers/STM32G4xx_HAL_Driver/Src/stm32g4xx_hal_adc.c.obj
 .text.LL_ADC_IsInternalRegulatorEnabled
                0x08002ad0       0x28 CMakeFiles/G4sensorNodeA02.dir/Drivers/STM32G4xx_HAL_Driver/Src/stm32g4xx_hal_adc.c.obj
 .text.LL_ADC_Enable
                0x08002af8       0x28 CMakeFiles/G4sensorNodeA02.dir/Drivers/STM32G4xx_HAL_Driver/Src/stm32g4xx_hal_adc.c.obj
 .text.LL_ADC_Disable
                0x08002b20       0x28 CMakeFiles/G4sensorNodeA02.dir/Drivers/STM32G4xx_HAL_Driver/Src/stm32g4xx_hal_adc.c.obj
 .text.LL_ADC_IsEnabled
                0x08002b48       0x26 CMakeFiles/G4sensorNodeA02.dir/Drivers/STM32G4xx_HAL_Driver/Src/stm32g4xx_hal_adc.c.obj
 .text.LL_ADC_IsDisableOngoing
                0x08002b6e       0x26 CMakeFiles/G4sensorNodeA02.dir/Drivers/STM32G4xx_HAL_Driver/Src/stm32g4xx_hal_adc.c.obj
 .text.LL_ADC_REG_StartConversion
                0x08002b94       0x28 CMakeFiles/G4sensorNodeA02.dir/Drivers/STM32G4xx_HAL_Driver/Src/stm32g4xx_hal_adc.c.obj
 .text.LL_ADC_REG_IsConversionOngoing
                0x08002bbc       0x26 CMakeFiles/G4sensorNodeA02.dir/Drivers/STM32G4xx_HAL_Driver/Src/stm32g4xx_hal_adc.c.obj
 .text.LL_ADC_INJ_IsConversionOngoing
                0x08002be2       0x26 CMakeFiles/G4sensorNodeA02.dir/Drivers/STM32G4xx_HAL_Driver/Src/stm32g4xx_hal_adc.c.obj
 .text.HAL_ADC_Init
                0x08002c08      0x378 CMakeFiles/G4sensorNodeA02.dir/Drivers/STM32G4xx_HAL_Driver/Src/stm32g4xx_hal_adc.c.obj
                0x08002c08                HAL_ADC_Init
 .text.HAL_ADC_Start_DMA
                0x08002f80      0x1a8 CMakeFiles/G4sensorNodeA02.dir/Drivers/STM32G4xx_HAL_Driver/Src/stm32g4xx_hal_adc.c.obj
                0x08002f80                HAL_ADC_Start_DMA
 .text.HAL_ADC_ConfigChannel
                0x08003128      0x880 CMakeFiles/G4sensorNodeA02.dir/Drivers/STM32G4xx_HAL_Driver/Src/stm32g4xx_hal_adc.c.obj
                0x08003128                HAL_ADC_ConfigChannel
 .text.ADC_Enable
                0x080039a8      0x12c CMakeFiles/G4sensorNodeA02.dir/Drivers/STM32G4xx_HAL_Driver/Src/stm32g4xx_hal_adc.c.obj
                0x080039a8                ADC_Enable
 .text.ADC_Disable
                0x08003ad4       0xbe CMakeFiles/G4sensorNodeA02.dir/Drivers/STM32G4xx_HAL_Driver/Src/stm32g4xx_hal_adc.c.obj
                0x08003ad4                ADC_Disable
 .text.ADC_DMAConvCplt
                0x08003b92       0xd8 CMakeFiles/G4sensorNodeA02.dir/Drivers/STM32G4xx_HAL_Driver/Src/stm32g4xx_hal_adc.c.obj
                0x08003b92                ADC_DMAConvCplt
 .text.ADC_DMAHalfConvCplt
                0x08003c6a       0x1c CMakeFiles/G4sensorNodeA02.dir/Drivers/STM32G4xx_HAL_Driver/Src/stm32g4xx_hal_adc.c.obj
                0x08003c6a                ADC_DMAHalfConvCplt
 .text.ADC_DMAError
                0x08003c86       0x34 CMakeFiles/G4sensorNodeA02.dir/Drivers/STM32G4xx_HAL_Driver/Src/stm32g4xx_hal_adc.c.obj
                0x08003c86                ADC_DMAError
 .text.LL_ADC_IsEnabled
                0x08003cba       0x26 CMakeFiles/G4sensorNodeA02.dir/Drivers/STM32G4xx_HAL_Driver/Src/stm32g4xx_hal_adc_ex.c.obj
 .text.LL_ADC_StartCalibration
                0x08003ce0       0x32 CMakeFiles/G4sensorNodeA02.dir/Drivers/STM32G4xx_HAL_Driver/Src/stm32g4xx_hal_adc_ex.c.obj
 .text.LL_ADC_IsCalibrationOnGoing
                0x08003d12       0x28 CMakeFiles/G4sensorNodeA02.dir/Drivers/STM32G4xx_HAL_Driver/Src/stm32g4xx_hal_adc_ex.c.obj
 .text.LL_ADC_REG_IsConversionOngoing
                0x08003d3a       0x26 CMakeFiles/G4sensorNodeA02.dir/Drivers/STM32G4xx_HAL_Driver/Src/stm32g4xx_hal_adc_ex.c.obj
 .text.HAL_ADCEx_Calibration_Start
                0x08003d60       0xc4 CMakeFiles/G4sensorNodeA02.dir/Drivers/STM32G4xx_HAL_Driver/Src/stm32g4xx_hal_adc_ex.c.obj
                0x08003d60                HAL_ADCEx_Calibration_Start
 .text.HAL_ADCEx_MultiModeConfigChannel
                0x08003e24      0x210 CMakeFiles/G4sensorNodeA02.dir/Drivers/STM32G4xx_HAL_Driver/Src/stm32g4xx_hal_adc_ex.c.obj
                0x08003e24                HAL_ADCEx_MultiModeConfigChannel
 .text.HAL_Init
                0x08004034       0x30 CMakeFiles/G4sensorNodeA02.dir/Drivers/STM32G4xx_HAL_Driver/Src/stm32g4xx_hal.c.obj
                0x08004034                HAL_Init
 .text.HAL_InitTick
                0x08004064       0x74 CMakeFiles/G4sensorNodeA02.dir/Drivers/STM32G4xx_HAL_Driver/Src/stm32g4xx_hal.c.obj
                0x08004064                HAL_InitTick
 .text.HAL_IncTick
                0x080040d8       0x24 CMakeFiles/G4sensorNodeA02.dir/Drivers/STM32G4xx_HAL_Driver/Src/stm32g4xx_hal.c.obj
                0x080040d8                HAL_IncTick
 .text.HAL_GetTick
                0x080040fc       0x18 CMakeFiles/G4sensorNodeA02.dir/Drivers/STM32G4xx_HAL_Driver/Src/stm32g4xx_hal.c.obj
                0x080040fc                HAL_GetTick
 .text.HAL_RCC_OscConfig
                0x08004114      0x624 CMakeFiles/G4sensorNodeA02.dir/Drivers/STM32G4xx_HAL_Driver/Src/stm32g4xx_hal_rcc.c.obj
                0x08004114                HAL_RCC_OscConfig
 .text.HAL_RCC_ClockConfig
                0x08004738      0x278 CMakeFiles/G4sensorNodeA02.dir/Drivers/STM32G4xx_HAL_Driver/Src/stm32g4xx_hal_rcc.c.obj
                0x08004738                HAL_RCC_ClockConfig
 .text.HAL_RCC_GetSysClockFreq
                0x080049b0       0xc4 CMakeFiles/G4sensorNodeA02.dir/Drivers/STM32G4xx_HAL_Driver/Src/stm32g4xx_hal_rcc.c.obj
                0x080049b0                HAL_RCC_GetSysClockFreq
 .text.RCC_GetSysClockFreqFromPLLSource
                0x08004a74       0x8c CMakeFiles/G4sensorNodeA02.dir/Drivers/STM32G4xx_HAL_Driver/Src/stm32g4xx_hal_rcc.c.obj
 .text.HAL_RCCEx_PeriphCLKConfig
                0x08004b00      0x49c CMakeFiles/G4sensorNodeA02.dir/Drivers/STM32G4xx_HAL_Driver/Src/stm32g4xx_hal_rcc_ex.c.obj
                0x08004b00                HAL_RCCEx_PeriphCLKConfig
 .text.HAL_GPIO_Init
                0x08004f9c      0x304 CMakeFiles/G4sensorNodeA02.dir/Drivers/STM32G4xx_HAL_Driver/Src/stm32g4xx_hal_gpio.c.obj
                0x08004f9c                HAL_GPIO_Init
 .text.HAL_GPIO_WritePin
                0x080052a0       0x30 CMakeFiles/G4sensorNodeA02.dir/Drivers/STM32G4xx_HAL_Driver/Src/stm32g4xx_hal_gpio.c.obj
                0x080052a0                HAL_GPIO_WritePin
 .text.HAL_GPIO_EXTI_IRQHandler
                0x080052d0       0x30 CMakeFiles/G4sensorNodeA02.dir/Drivers/STM32G4xx_HAL_Driver/Src/stm32g4xx_hal_gpio.c.obj
                0x080052d0                HAL_GPIO_EXTI_IRQHandler
 .text.HAL_GPIO_EXTI_Callback
                0x08005300       0x16 CMakeFiles/G4sensorNodeA02.dir/Drivers/STM32G4xx_HAL_Driver/Src/stm32g4xx_hal_gpio.c.obj
                0x08005300                HAL_GPIO_EXTI_Callback
 *fill*         0x08005316        0x2 
 .text.HAL_DMA_Init
                0x08005318      0x150 CMakeFiles/G4sensorNodeA02.dir/Drivers/STM32G4xx_HAL_Driver/Src/stm32g4xx_hal_dma.c.obj
                0x08005318                HAL_DMA_Init
 .text.HAL_DMA_Start_IT
                0x08005468       0xf6 CMakeFiles/G4sensorNodeA02.dir/Drivers/STM32G4xx_HAL_Driver/Src/stm32g4xx_hal_dma.c.obj
                0x08005468                HAL_DMA_Start_IT
 .text.HAL_DMA_Abort_IT
                0x0800555e       0xce CMakeFiles/G4sensorNodeA02.dir/Drivers/STM32G4xx_HAL_Driver/Src/stm32g4xx_hal_dma.c.obj
                0x0800555e                HAL_DMA_Abort_IT
 .text.HAL_DMA_IRQHandler
                0x0800562c      0x15e CMakeFiles/G4sensorNodeA02.dir/Drivers/STM32G4xx_HAL_Driver/Src/stm32g4xx_hal_dma.c.obj
                0x0800562c                HAL_DMA_IRQHandler
 .text.HAL_DMA_GetState
                0x0800578a       0x1c CMakeFiles/G4sensorNodeA02.dir/Drivers/STM32G4xx_HAL_Driver/Src/stm32g4xx_hal_dma.c.obj
                0x0800578a                HAL_DMA_GetState
 .text.DMA_SetConfig
                0x080057a6       0x7c CMakeFiles/G4sensorNodeA02.dir/Drivers/STM32G4xx_HAL_Driver/Src/stm32g4xx_hal_dma.c.obj
 *fill*         0x08005822        0x2 
 .text.DMA_CalcDMAMUXChannelBaseAndMask
                0x08005824       0x7c CMakeFiles/G4sensorNodeA02.dir/Drivers/STM32G4xx_HAL_Driver/Src/stm32g4xx_hal_dma.c.obj
 .text.DMA_CalcDMAMUXRequestGenBaseAndMask
                0x080058a0       0x48 CMakeFiles/G4sensorNodeA02.dir/Drivers/STM32G4xx_HAL_Driver/Src/stm32g4xx_hal_dma.c.obj
 .text.HAL_PWREx_ControlVoltageScaling
                0x080058e8      0x148 CMakeFiles/G4sensorNodeA02.dir/Drivers/STM32G4xx_HAL_Driver/Src/stm32g4xx_hal_pwr_ex.c.obj
                0x080058e8                HAL_PWREx_ControlVoltageScaling
 .text.HAL_PWREx_DisableUCPDDeadBattery
                0x08005a30       0x20 CMakeFiles/G4sensorNodeA02.dir/Drivers/STM32G4xx_HAL_Driver/Src/stm32g4xx_hal_pwr_ex.c.obj
                0x08005a30                HAL_PWREx_DisableUCPDDeadBattery
 .text.__NVIC_SetPriorityGrouping
                0x08005a50       0x48 CMakeFiles/G4sensorNodeA02.dir/Drivers/STM32G4xx_HAL_Driver/Src/stm32g4xx_hal_cortex.c.obj
 .text.__NVIC_GetPriorityGrouping
                0x08005a98       0x1c CMakeFiles/G4sensorNodeA02.dir/Drivers/STM32G4xx_HAL_Driver/Src/stm32g4xx_hal_cortex.c.obj
 .text.__NVIC_EnableIRQ
                0x08005ab4       0x3c CMakeFiles/G4sensorNodeA02.dir/Drivers/STM32G4xx_HAL_Driver/Src/stm32g4xx_hal_cortex.c.obj
 .text.__NVIC_SetPriority
                0x08005af0       0x54 CMakeFiles/G4sensorNodeA02.dir/Drivers/STM32G4xx_HAL_Driver/Src/stm32g4xx_hal_cortex.c.obj
 .text.NVIC_EncodePriority
                0x08005b44       0x66 CMakeFiles/G4sensorNodeA02.dir/Drivers/STM32G4xx_HAL_Driver/Src/stm32g4xx_hal_cortex.c.obj
 *fill*         0x08005baa        0x2 
 .text.SysTick_Config
                0x08005bac       0x44 CMakeFiles/G4sensorNodeA02.dir/Drivers/STM32G4xx_HAL_Driver/Src/stm32g4xx_hal_cortex.c.obj
 .text.HAL_NVIC_SetPriorityGrouping
                0x08005bf0       0x16 CMakeFiles/G4sensorNodeA02.dir/Drivers/STM32G4xx_HAL_Driver/Src/stm32g4xx_hal_cortex.c.obj
                0x08005bf0                HAL_NVIC_SetPriorityGrouping
 .text.HAL_NVIC_SetPriority
                0x08005c06       0x34 CMakeFiles/G4sensorNodeA02.dir/Drivers/STM32G4xx_HAL_Driver/Src/stm32g4xx_hal_cortex.c.obj
                0x08005c06                HAL_NVIC_SetPriority
 .text.HAL_NVIC_EnableIRQ
                0x08005c3a       0x1c CMakeFiles/G4sensorNodeA02.dir/Drivers/STM32G4xx_HAL_Driver/Src/stm32g4xx_hal_cortex.c.obj
                0x08005c3a                HAL_NVIC_EnableIRQ
 .text.HAL_SYSTICK_Config
                0x08005c56       0x18 CMakeFiles/G4sensorNodeA02.dir/Drivers/STM32G4xx_HAL_Driver/Src/stm32g4xx_hal_cortex.c.obj
                0x08005c56                HAL_SYSTICK_Config
 .text.HAL_I2C_Init
                0x08005c6e      0x136 CMakeFiles/G4sensorNodeA02.dir/Drivers/STM32G4xx_HAL_Driver/Src/stm32g4xx_hal_i2c.c.obj
                0x08005c6e                HAL_I2C_Init
 .text.HAL_I2C_Mem_Read_DMA
                0x08005da4      0x1cc CMakeFiles/G4sensorNodeA02.dir/Drivers/STM32G4xx_HAL_Driver/Src/stm32g4xx_hal_i2c.c.obj
                0x08005da4                HAL_I2C_Mem_Read_DMA
 .text.HAL_I2C_IsDeviceReady
                0x08005f70      0x1d8 CMakeFiles/G4sensorNodeA02.dir/Drivers/STM32G4xx_HAL_Driver/Src/stm32g4xx_hal_i2c.c.obj
                0x08005f70                HAL_I2C_IsDeviceReady
 .text.HAL_I2C_EV_IRQHandler
                0x08006148       0x34 CMakeFiles/G4sensorNodeA02.dir/Drivers/STM32G4xx_HAL_Driver/Src/stm32g4xx_hal_i2c.c.obj
                0x08006148                HAL_I2C_EV_IRQHandler
 .text.HAL_I2C_ER_IRQHandler
                0x0800617c       0xc2 CMakeFiles/G4sensorNodeA02.dir/Drivers/STM32G4xx_HAL_Driver/Src/stm32g4xx_hal_i2c.c.obj
                0x0800617c                HAL_I2C_ER_IRQHandler
 .text.HAL_I2C_MasterTxCpltCallback
                0x0800623e       0x14 CMakeFiles/G4sensorNodeA02.dir/Drivers/STM32G4xx_HAL_Driver/Src/stm32g4xx_hal_i2c.c.obj
                0x0800623e                HAL_I2C_MasterTxCpltCallback
 .text.HAL_I2C_MasterRxCpltCallback
                0x08006252       0x14 CMakeFiles/G4sensorNodeA02.dir/Drivers/STM32G4xx_HAL_Driver/Src/stm32g4xx_hal_i2c.c.obj
                0x08006252                HAL_I2C_MasterRxCpltCallback
 .text.HAL_I2C_SlaveTxCpltCallback
                0x08006266       0x14 CMakeFiles/G4sensorNodeA02.dir/Drivers/STM32G4xx_HAL_Driver/Src/stm32g4xx_hal_i2c.c.obj
                0x08006266                HAL_I2C_SlaveTxCpltCallback
 .text.HAL_I2C_SlaveRxCpltCallback
                0x0800627a       0x14 CMakeFiles/G4sensorNodeA02.dir/Drivers/STM32G4xx_HAL_Driver/Src/stm32g4xx_hal_i2c.c.obj
                0x0800627a                HAL_I2C_SlaveRxCpltCallback
 .text.HAL_I2C_AddrCallback
                0x0800628e       0x1c CMakeFiles/G4sensorNodeA02.dir/Drivers/STM32G4xx_HAL_Driver/Src/stm32g4xx_hal_i2c.c.obj
                0x0800628e                HAL_I2C_AddrCallback
 .text.HAL_I2C_ListenCpltCallback
                0x080062aa       0x14 CMakeFiles/G4sensorNodeA02.dir/Drivers/STM32G4xx_HAL_Driver/Src/stm32g4xx_hal_i2c.c.obj
                0x080062aa                HAL_I2C_ListenCpltCallback
 .text.HAL_I2C_MemTxCpltCallback
                0x080062be       0x14 CMakeFiles/G4sensorNodeA02.dir/Drivers/STM32G4xx_HAL_Driver/Src/stm32g4xx_hal_i2c.c.obj
                0x080062be                HAL_I2C_MemTxCpltCallback
 .text.HAL_I2C_ErrorCallback
                0x080062d2       0x14 CMakeFiles/G4sensorNodeA02.dir/Drivers/STM32G4xx_HAL_Driver/Src/stm32g4xx_hal_i2c.c.obj
                0x080062d2                HAL_I2C_ErrorCallback
 .text.HAL_I2C_AbortCpltCallback
                0x080062e6       0x14 CMakeFiles/G4sensorNodeA02.dir/Drivers/STM32G4xx_HAL_Driver/Src/stm32g4xx_hal_i2c.c.obj
                0x080062e6                HAL_I2C_AbortCpltCallback
 .text.HAL_I2C_GetState
                0x080062fa       0x1c CMakeFiles/G4sensorNodeA02.dir/Drivers/STM32G4xx_HAL_Driver/Src/stm32g4xx_hal_i2c.c.obj
                0x080062fa                HAL_I2C_GetState
 .text.I2C_Slave_ISR_IT
                0x08006316      0x208 CMakeFiles/G4sensorNodeA02.dir/Drivers/STM32G4xx_HAL_Driver/Src/stm32g4xx_hal_i2c.c.obj
 .text.I2C_Master_ISR_DMA
                0x0800651e      0x1e6 CMakeFiles/G4sensorNodeA02.dir/Drivers/STM32G4xx_HAL_Driver/Src/stm32g4xx_hal_i2c.c.obj
 .text.I2C_Mem_ISR_DMA
                0x08006704      0x260 CMakeFiles/G4sensorNodeA02.dir/Drivers/STM32G4xx_HAL_Driver/Src/stm32g4xx_hal_i2c.c.obj
 .text.I2C_Slave_ISR_DMA
                0x08006964      0x1c2 CMakeFiles/G4sensorNodeA02.dir/Drivers/STM32G4xx_HAL_Driver/Src/stm32g4xx_hal_i2c.c.obj
 .text.I2C_ITAddrCplt
                0x08006b26      0x108 CMakeFiles/G4sensorNodeA02.dir/Drivers/STM32G4xx_HAL_Driver/Src/stm32g4xx_hal_i2c.c.obj
 .text.I2C_ITMasterSeqCplt
                0x08006c2e       0x7a CMakeFiles/G4sensorNodeA02.dir/Drivers/STM32G4xx_HAL_Driver/Src/stm32g4xx_hal_i2c.c.obj
 .text.I2C_ITSlaveSeqCplt
                0x08006ca8       0xbc CMakeFiles/G4sensorNodeA02.dir/Drivers/STM32G4xx_HAL_Driver/Src/stm32g4xx_hal_i2c.c.obj
 .text.I2C_ITMasterCplt
                0x08006d64      0x194 CMakeFiles/G4sensorNodeA02.dir/Drivers/STM32G4xx_HAL_Driver/Src/stm32g4xx_hal_i2c.c.obj
 .text.I2C_ITSlaveCplt
                0x08006ef8      0x2d4 CMakeFiles/G4sensorNodeA02.dir/Drivers/STM32G4xx_HAL_Driver/Src/stm32g4xx_hal_i2c.c.obj
 .text.I2C_ITListenCplt
                0x080071cc       0xac CMakeFiles/G4sensorNodeA02.dir/Drivers/STM32G4xx_HAL_Driver/Src/stm32g4xx_hal_i2c.c.obj
 .text.I2C_ITError
                0x08007278      0x1e0 CMakeFiles/G4sensorNodeA02.dir/Drivers/STM32G4xx_HAL_Driver/Src/stm32g4xx_hal_i2c.c.obj
 .text.I2C_TreatErrorCallback
                0x08007458       0x4e CMakeFiles/G4sensorNodeA02.dir/Drivers/STM32G4xx_HAL_Driver/Src/stm32g4xx_hal_i2c.c.obj
 .text.I2C_Flush_TXDR
                0x080074a6       0x48 CMakeFiles/G4sensorNodeA02.dir/Drivers/STM32G4xx_HAL_Driver/Src/stm32g4xx_hal_i2c.c.obj
 .text.I2C_DMAMasterReceiveCplt
                0x080074ee       0x96 CMakeFiles/G4sensorNodeA02.dir/Drivers/STM32G4xx_HAL_Driver/Src/stm32g4xx_hal_i2c.c.obj
 .text.I2C_DMAError
                0x08007584       0x2e CMakeFiles/G4sensorNodeA02.dir/Drivers/STM32G4xx_HAL_Driver/Src/stm32g4xx_hal_i2c.c.obj
 .text.I2C_DMAAbort
                0x080075b2       0x3c CMakeFiles/G4sensorNodeA02.dir/Drivers/STM32G4xx_HAL_Driver/Src/stm32g4xx_hal_i2c.c.obj
 .text.I2C_WaitOnFlagUntilTimeout
                0x080075ee       0xb2 CMakeFiles/G4sensorNodeA02.dir/Drivers/STM32G4xx_HAL_Driver/Src/stm32g4xx_hal_i2c.c.obj
 .text.I2C_IsErrorOccurred
                0x080076a0      0x1c0 CMakeFiles/G4sensorNodeA02.dir/Drivers/STM32G4xx_HAL_Driver/Src/stm32g4xx_hal_i2c.c.obj
 .text.I2C_TransferConfig
                0x08007860       0x64 CMakeFiles/G4sensorNodeA02.dir/Drivers/STM32G4xx_HAL_Driver/Src/stm32g4xx_hal_i2c.c.obj
 .text.I2C_Enable_IRQ
                0x080078c4      0x108 CMakeFiles/G4sensorNodeA02.dir/Drivers/STM32G4xx_HAL_Driver/Src/stm32g4xx_hal_i2c.c.obj
 .text.I2C_Disable_IRQ
                0x080079cc       0xbc CMakeFiles/G4sensorNodeA02.dir/Drivers/STM32G4xx_HAL_Driver/Src/stm32g4xx_hal_i2c.c.obj
 .text.HAL_I2CEx_ConfigAnalogFilter
                0x08007a88       0x96 CMakeFiles/G4sensorNodeA02.dir/Drivers/STM32G4xx_HAL_Driver/Src/stm32g4xx_hal_i2c_ex.c.obj
                0x08007a88                HAL_I2CEx_ConfigAnalogFilter
 .text.HAL_I2CEx_ConfigDigitalFilter
                0x08007b1e       0x98 CMakeFiles/G4sensorNodeA02.dir/Drivers/STM32G4xx_HAL_Driver/Src/stm32g4xx_hal_i2c_ex.c.obj
                0x08007b1e                HAL_I2CEx_ConfigDigitalFilter
 .text.HAL_TIM_Base_Init
                0x08007bb6       0xae CMakeFiles/G4sensorNodeA02.dir/Drivers/STM32G4xx_HAL_Driver/Src/stm32g4xx_hal_tim.c.obj
                0x08007bb6                HAL_TIM_Base_Init
 .text.HAL_TIM_Base_Start
                0x08007c64       0xe0 CMakeFiles/G4sensorNodeA02.dir/Drivers/STM32G4xx_HAL_Driver/Src/stm32g4xx_hal_tim.c.obj
                0x08007c64                HAL_TIM_Base_Start
 .text.HAL_TIM_PWM_Init
                0x08007d44       0xae CMakeFiles/G4sensorNodeA02.dir/Drivers/STM32G4xx_HAL_Driver/Src/stm32g4xx_hal_tim.c.obj
                0x08007d44                HAL_TIM_PWM_Init
 *fill*         0x08007df2        0x2 
 .text.HAL_TIM_PWM_Stop
                0x08007df4      0x138 CMakeFiles/G4sensorNodeA02.dir/Drivers/STM32G4xx_HAL_Driver/Src/stm32g4xx_hal_tim.c.obj
                0x08007df4                HAL_TIM_PWM_Stop
 .text.HAL_TIM_PWM_Start_DMA
                0x08007f2c      0x458 CMakeFiles/G4sensorNodeA02.dir/Drivers/STM32G4xx_HAL_Driver/Src/stm32g4xx_hal_tim.c.obj
                0x08007f2c                HAL_TIM_PWM_Start_DMA
 .text.HAL_TIM_PWM_Stop_DMA
                0x08008384      0x1fc CMakeFiles/G4sensorNodeA02.dir/Drivers/STM32G4xx_HAL_Driver/Src/stm32g4xx_hal_tim.c.obj
                0x08008384                HAL_TIM_PWM_Stop_DMA
 .text.HAL_TIM_IRQHandler
                0x08008580      0x29e CMakeFiles/G4sensorNodeA02.dir/Drivers/STM32G4xx_HAL_Driver/Src/stm32g4xx_hal_tim.c.obj
                0x08008580                HAL_TIM_IRQHandler
 *fill*         0x0800881e        0x2 
 .text.HAL_TIM_PWM_ConfigChannel
                0x08008820      0x228 CMakeFiles/G4sensorNodeA02.dir/Drivers/STM32G4xx_HAL_Driver/Src/stm32g4xx_hal_tim.c.obj
                0x08008820                HAL_TIM_PWM_ConfigChannel
 .text.HAL_TIM_PeriodElapsedCallback
                0x08008a48       0x14 CMakeFiles/G4sensorNodeA02.dir/Drivers/STM32G4xx_HAL_Driver/Src/stm32g4xx_hal_tim.c.obj
                0x08008a48                HAL_TIM_PeriodElapsedCallback
 .text.HAL_TIM_OC_DelayElapsedCallback
                0x08008a5c       0x14 CMakeFiles/G4sensorNodeA02.dir/Drivers/STM32G4xx_HAL_Driver/Src/stm32g4xx_hal_tim.c.obj
                0x08008a5c                HAL_TIM_OC_DelayElapsedCallback
 .text.HAL_TIM_IC_CaptureCallback
                0x08008a70       0x14 CMakeFiles/G4sensorNodeA02.dir/Drivers/STM32G4xx_HAL_Driver/Src/stm32g4xx_hal_tim.c.obj
                0x08008a70                HAL_TIM_IC_CaptureCallback
 .text.HAL_TIM_PWM_PulseFinishedHalfCpltCallback
                0x08008a84       0x14 CMakeFiles/G4sensorNodeA02.dir/Drivers/STM32G4xx_HAL_Driver/Src/stm32g4xx_hal_tim.c.obj
                0x08008a84                HAL_TIM_PWM_PulseFinishedHalfCpltCallback
 .text.HAL_TIM_TriggerCallback
                0x08008a98       0x14 CMakeFiles/G4sensorNodeA02.dir/Drivers/STM32G4xx_HAL_Driver/Src/stm32g4xx_hal_tim.c.obj
                0x08008a98                HAL_TIM_TriggerCallback
 .text.HAL_TIM_ErrorCallback
                0x08008aac       0x14 CMakeFiles/G4sensorNodeA02.dir/Drivers/STM32G4xx_HAL_Driver/Src/stm32g4xx_hal_tim.c.obj
                0x08008aac                HAL_TIM_ErrorCallback
 .text.TIM_DMAError
                0x08008ac0       0x92 CMakeFiles/G4sensorNodeA02.dir/Drivers/STM32G4xx_HAL_Driver/Src/stm32g4xx_hal_tim.c.obj
                0x08008ac0                TIM_DMAError
 .text.TIM_DMADelayPulseCplt
                0x08008b52       0xa8 CMakeFiles/G4sensorNodeA02.dir/Drivers/STM32G4xx_HAL_Driver/Src/stm32g4xx_hal_tim.c.obj
 .text.TIM_DMADelayPulseHalfCplt
                0x08008bfa       0x68 CMakeFiles/G4sensorNodeA02.dir/Drivers/STM32G4xx_HAL_Driver/Src/stm32g4xx_hal_tim.c.obj
                0x08008bfa                TIM_DMADelayPulseHalfCplt
 *fill*         0x08008c62        0x2 
 .text.TIM_Base_SetConfig
                0x08008c64      0x168 CMakeFiles/G4sensorNodeA02.dir/Drivers/STM32G4xx_HAL_Driver/Src/stm32g4xx_hal_tim.c.obj
                0x08008c64                TIM_Base_SetConfig
 .text.TIM_OC1_SetConfig
                0x08008dcc      0x134 CMakeFiles/G4sensorNodeA02.dir/Drivers/STM32G4xx_HAL_Driver/Src/stm32g4xx_hal_tim.c.obj
 .text.TIM_OC2_SetConfig
                0x08008f00      0x128 CMakeFiles/G4sensorNodeA02.dir/Drivers/STM32G4xx_HAL_Driver/Src/stm32g4xx_hal_tim.c.obj
                0x08008f00                TIM_OC2_SetConfig
 .text.TIM_OC3_SetConfig
                0x08009028      0x124 CMakeFiles/G4sensorNodeA02.dir/Drivers/STM32G4xx_HAL_Driver/Src/stm32g4xx_hal_tim.c.obj
 .text.TIM_OC4_SetConfig
                0x0800914c      0x128 CMakeFiles/G4sensorNodeA02.dir/Drivers/STM32G4xx_HAL_Driver/Src/stm32g4xx_hal_tim.c.obj
 .text.TIM_OC5_SetConfig
                0x08009274       0xd4 CMakeFiles/G4sensorNodeA02.dir/Drivers/STM32G4xx_HAL_Driver/Src/stm32g4xx_hal_tim.c.obj
 .text.TIM_OC6_SetConfig
                0x08009348       0xd8 CMakeFiles/G4sensorNodeA02.dir/Drivers/STM32G4xx_HAL_Driver/Src/stm32g4xx_hal_tim.c.obj
 .text.TIM_CCxChannelCmd
                0x08009420       0x4a CMakeFiles/G4sensorNodeA02.dir/Drivers/STM32G4xx_HAL_Driver/Src/stm32g4xx_hal_tim.c.obj
                0x08009420                TIM_CCxChannelCmd
 *fill*         0x0800946a        0x2 
 .text.HAL_TIMEx_MasterConfigSynchronization
                0x0800946c      0x12c CMakeFiles/G4sensorNodeA02.dir/Drivers/STM32G4xx_HAL_Driver/Src/stm32g4xx_hal_tim_ex.c.obj
                0x0800946c                HAL_TIMEx_MasterConfigSynchronization
 .text.HAL_TIMEx_CommutCallback
                0x08009598       0x14 CMakeFiles/G4sensorNodeA02.dir/Drivers/STM32G4xx_HAL_Driver/Src/stm32g4xx_hal_tim_ex.c.obj
                0x08009598                HAL_TIMEx_CommutCallback
 .text.HAL_TIMEx_BreakCallback
                0x080095ac       0x14 CMakeFiles/G4sensorNodeA02.dir/Drivers/STM32G4xx_HAL_Driver/Src/stm32g4xx_hal_tim_ex.c.obj
                0x080095ac                HAL_TIMEx_BreakCallback
 .text.HAL_TIMEx_Break2Callback
                0x080095c0       0x14 CMakeFiles/G4sensorNodeA02.dir/Drivers/STM32G4xx_HAL_Driver/Src/stm32g4xx_hal_tim_ex.c.obj
                0x080095c0                HAL_TIMEx_Break2Callback
 .text.HAL_TIMEx_EncoderIndexCallback
                0x080095d4       0x14 CMakeFiles/G4sensorNodeA02.dir/Drivers/STM32G4xx_HAL_Driver/Src/stm32g4xx_hal_tim_ex.c.obj
                0x080095d4                HAL_TIMEx_EncoderIndexCallback
 .text.HAL_TIMEx_DirectionChangeCallback
                0x080095e8       0x14 CMakeFiles/G4sensorNodeA02.dir/Drivers/STM32G4xx_HAL_Driver/Src/stm32g4xx_hal_tim_ex.c.obj
                0x080095e8                HAL_TIMEx_DirectionChangeCallback
 .text.HAL_TIMEx_IndexErrorCallback
                0x080095fc       0x14 CMakeFiles/G4sensorNodeA02.dir/Drivers/STM32G4xx_HAL_Driver/Src/stm32g4xx_hal_tim_ex.c.obj
                0x080095fc                HAL_TIMEx_IndexErrorCallback
 .text.HAL_TIMEx_TransitionErrorCallback
                0x08009610       0x14 CMakeFiles/G4sensorNodeA02.dir/Drivers/STM32G4xx_HAL_Driver/Src/stm32g4xx_hal_tim_ex.c.obj
                0x08009610                HAL_TIMEx_TransitionErrorCallback
 .text.SystemInit
                0x08009624       0x24 CMakeFiles/G4sensorNodeA02.dir/Core/Src/system_stm32g4xx.c.obj
                0x08009624                SystemInit
 .text.Reset_Handler
                0x08009648       0x50 CMakeFiles/G4sensorNodeA02.dir/startup_stm32g474xx.s.obj
                0x08009648                Reset_Handler
 .text.Default_Handler
                0x08009698        0x2 CMakeFiles/G4sensorNodeA02.dir/startup_stm32g474xx.s.obj
                0x08009698                RTC_Alarm_IRQHandler
                0x08009698                EXTI2_IRQHandler
                0x08009698                TIM8_TRG_COM_IRQHandler
                0x08009698                TIM8_CC_IRQHandler
                0x08009698                HRTIM1_Master_IRQHandler
                0x08009698                SPI4_IRQHandler
                0x08009698                FDCAN3_IT0_IRQHandler
                0x08009698                TIM1_CC_IRQHandler
                0x08009698                HRTIM1_FLT_IRQHandler
                0x08009698                HRTIM1_TIMF_IRQHandler
                0x08009698                USB_HP_IRQHandler
                0x08009698                CORDIC_IRQHandler
                0x08009698                HRTIM1_TIMD_IRQHandler
                0x08009698                DMA2_Channel8_IRQHandler
                0x08009698                EXTI3_IRQHandler
                0x08009698                I2C3_ER_IRQHandler
                0x08009698                I2C2_EV_IRQHandler
                0x08009698                FPU_IRQHandler
                0x08009698                FDCAN1_IT1_IRQHandler
                0x08009698                TIM1_UP_TIM16_IRQHandler
                0x08009698                ADC1_2_IRQHandler
                0x08009698                HRTIM1_TIME_IRQHandler
                0x08009698                SPI1_IRQHandler
                0x08009698                TIM6_DAC_IRQHandler
                0x08009698                HRTIM1_TIMC_IRQHandler
                0x08009698                TIM8_UP_IRQHandler
                0x08009698                DMA2_Channel2_IRQHandler
                0x08009698                TIM20_TRG_COM_IRQHandler
                0x08009698                USART3_IRQHandler
                0x08009698                UART5_IRQHandler
                0x08009698                ADC3_IRQHandler
                0x08009698                TIM4_IRQHandler
                0x08009698                DMA2_Channel1_IRQHandler
                0x08009698                QUADSPI_IRQHandler
                0x08009698                I2C1_EV_IRQHandler
                0x08009698                UART4_IRQHandler
                0x08009698                DMA2_Channel4_IRQHandler
                0x08009698                TIM3_IRQHandler
                0x08009698                RCC_IRQHandler
                0x08009698                TIM20_UP_IRQHandler
                0x08009698                Default_Handler
                0x08009698                DMA2_Channel7_IRQHandler
                0x08009698                RTC_TAMP_LSECSS_IRQHandler
                0x08009698                FMAC_IRQHandler
                0x08009698                EXTI15_10_IRQHandler
                0x08009698                DMA1_Channel8_IRQHandler
                0x08009698                HRTIM1_TIMA_IRQHandler
                0x08009698                TIM7_DAC_IRQHandler
                0x08009698                FDCAN3_IT1_IRQHandler
                0x08009698                UCPD1_IRQHandler
                0x08009698                I2C3_EV_IRQHandler
                0x08009698                EXTI9_5_IRQHandler
                0x08009698                RTC_WKUP_IRQHandler
                0x08009698                PVD_PVM_IRQHandler
                0x08009698                SPI2_IRQHandler
                0x08009698                ADC5_IRQHandler
                0x08009698                DMA2_Channel5_IRQHandler
                0x08009698                CRS_IRQHandler
                0x08009698                USB_LP_IRQHandler
                0x08009698                RNG_IRQHandler
                0x08009698                HRTIM1_TIMB_IRQHandler
                0x08009698                TIM1_TRG_COM_TIM17_IRQHandler
                0x08009698                FDCAN2_IT1_IRQHandler
                0x08009698                ADC4_IRQHandler
                0x08009698                WWDG_IRQHandler
                0x08009698                FDCAN2_IT0_IRQHandler
                0x08009698                LPUART1_IRQHandler
                0x08009698                DMA2_Channel6_IRQHandler
                0x08009698                FDCAN1_IT0_IRQHandler
                0x08009698                TIM2_IRQHandler
                0x08009698                COMP7_IRQHandler
                0x08009698                COMP1_2_3_IRQHandler
                0x08009698                EXTI1_IRQHandler
                0x08009698                USART2_IRQHandler
                0x08009698                COMP4_5_6_IRQHandler
                0x08009698                TIM20_BRK_IRQHandler
                0x08009698                I2C2_ER_IRQHandler
                0x08009698                TIM8_BRK_IRQHandler
                0x08009698                FLASH_IRQHandler
                0x08009698                TIM20_CC_IRQHandler
                0x08009698                USART1_IRQHandler
                0x08009698                SPI3_IRQHandler
                0x08009698                I2C1_ER_IRQHandler
                0x08009698                FMC_IRQHandler
                0x08009698                LPTIM1_IRQHandler
                0x08009698                DMAMUX_OVR_IRQHandler
                0x08009698                USBWakeUp_IRQHandler
                0x08009698                SAI1_IRQHandler
                0x08009698                DMA2_Channel3_IRQHandler
                0x08009698                TIM1_BRK_TIM15_IRQHandler
 *fill*         0x0800969a        0x2 
 .text.__errno  0x0800969c        0xc C:/ST/STM32CubeCLT_1.19.0/GNU-tools-for-STM32/bin/../lib/gcc/arm-none-eabi/13.3.1/../../../../arm-none-eabi/lib/thumb/v7e-m+fp/hard\libg_nano.a(libc_a-errno.o)
                0x0800969c                __errno
 .text.expf     0x080096a8       0x6c C:/ST/STM32CubeCLT_1.19.0/GNU-tools-for-STM32/bin/../lib/gcc/arm-none-eabi/13.3.1/../../../../arm-none-eabi/lib/thumb/v7e-m+fp/hard\libm.a(libm_a-wf_exp.o)
                0x080096a8                expf
 .text.fmodf    0x08009714       0x40 C:/ST/STM32CubeCLT_1.19.0/GNU-tools-for-STM32/bin/../lib/gcc/arm-none-eabi/13.3.1/../../../../arm-none-eabi/lib/thumb/v7e-m+fp/hard\libm.a(libm_a-wf_fmod.o)
                0x08009714                fmodf
 .text.powf     0x08009754       0xae C:/ST/STM32CubeCLT_1.19.0/GNU-tools-for-STM32/bin/../lib/gcc/arm-none-eabi/13.3.1/../../../../arm-none-eabi/lib/thumb/v7e-m+fp/hard\libm.a(libm_a-wf_pow.o)
                0x08009754                powf
 *fill*         0x08009802        0x2 
 .text.cosf     0x08009804       0x88 C:/ST/STM32CubeCLT_1.19.0/GNU-tools-for-STM32/bin/../lib/gcc/arm-none-eabi/13.3.1/../../../../arm-none-eabi/lib/thumb/v7e-m+fp/hard\libm.a(libm_a-sf_cos.o)
                0x08009804                cosf
 .text.finitef  0x0800988c       0x14 C:/ST/STM32CubeCLT_1.19.0/GNU-tools-for-STM32/bin/../lib/gcc/arm-none-eabi/13.3.1/../../../../arm-none-eabi/lib/thumb/v7e-m+fp/hard\libm.a(libm_a-sf_finite.o)
                0x0800988c                finitef
 .text.fmaxf    0x080098a0       0x3a C:/ST/STM32CubeCLT_1.19.0/GNU-tools-for-STM32/bin/../lib/gcc/arm-none-eabi/13.3.1/../../../../arm-none-eabi/lib/thumb/v7e-m+fp/hard\libm.a(libm_a-sf_fmax.o)
                0x080098a0                fmaxf
 .text.fminf    0x080098da       0x3a C:/ST/STM32CubeCLT_1.19.0/GNU-tools-for-STM32/bin/../lib/gcc/arm-none-eabi/13.3.1/../../../../arm-none-eabi/lib/thumb/v7e-m+fp/hard\libm.a(libm_a-sf_fmin.o)
                0x080098da                fminf
 .text.__fpclassifyf
                0x08009914       0x38 C:/ST/STM32CubeCLT_1.19.0/GNU-tools-for-STM32/bin/../lib/gcc/arm-none-eabi/13.3.1/../../../../arm-none-eabi/lib/thumb/v7e-m+fp/hard\libm.a(libm_a-sf_fpclassify.o)
                0x08009914                __fpclassifyf
 .text.__kernel_cosf
                0x0800994c       0xb0 C:/ST/STM32CubeCLT_1.19.0/GNU-tools-for-STM32/bin/../lib/gcc/arm-none-eabi/13.3.1/../../../../arm-none-eabi/lib/thumb/v7e-m+fp/hard\libm.a(libm_a-kf_cos.o)
                0x0800994c                __kernel_cosf
 .text.__kernel_sinf
                0x080099fc       0x90 C:/ST/STM32CubeCLT_1.19.0/GNU-tools-for-STM32/bin/../lib/gcc/arm-none-eabi/13.3.1/../../../../arm-none-eabi/lib/thumb/v7e-m+fp/hard\libm.a(libm_a-kf_sin.o)
                0x080099fc                __kernel_sinf
 .text.__ieee754_expf
                0x08009a8c      0x19c C:/ST/STM32CubeCLT_1.19.0/GNU-tools-for-STM32/bin/../lib/gcc/arm-none-eabi/13.3.1/../../../../arm-none-eabi/lib/thumb/v7e-m+fp/hard\libm.a(libm_a-ef_exp.o)
                0x08009a8c                __ieee754_expf
 .text.__ieee754_fmodf
                0x08009c28      0x104 C:/ST/STM32CubeCLT_1.19.0/GNU-tools-for-STM32/bin/../lib/gcc/arm-none-eabi/13.3.1/../../../../arm-none-eabi/lib/thumb/v7e-m+fp/hard\libm.a(libm_a-ef_fmod.o)
                0x08009c28                __ieee754_fmodf
 .text.__ieee754_powf
                0x08009d2c      0x59c C:/ST/STM32CubeCLT_1.19.0/GNU-tools-for-STM32/bin/../lib/gcc/arm-none-eabi/13.3.1/../../../../arm-none-eabi/lib/thumb/v7e-m+fp/hard\libm.a(libm_a-ef_pow.o)
                0x08009d2c                __ieee754_powf
 .text.__ieee754_rem_pio2f
                0x0800a2c8      0x260 C:/ST/STM32CubeCLT_1.19.0/GNU-tools-for-STM32/bin/../lib/gcc/arm-none-eabi/13.3.1/../../../../arm-none-eabi/lib/thumb/v7e-m+fp/hard\libm.a(libm_a-ef_rem_pio2.o)
                0x0800a2c8                __ieee754_rem_pio2f
 .text.fabsf    0x0800a528        0xe C:/ST/STM32CubeCLT_1.19.0/GNU-tools-for-STM32/bin/../lib/gcc/arm-none-eabi/13.3.1/../../../../arm-none-eabi/lib/thumb/v7e-m+fp/hard\libm.a(libm_a-sf_fabs.o)
                0x0800a528                fabsf
 *fill*         0x0800a536        0x2 
 .text.scalbnf  0x0800a538       0xcc C:/ST/STM32CubeCLT_1.19.0/GNU-tools-for-STM32/bin/../lib/gcc/arm-none-eabi/13.3.1/../../../../arm-none-eabi/lib/thumb/v7e-m+fp/hard\libm.a(libm_a-sf_scalbn.o)
                0x0800a538                scalbnf
 .text.with_errnof
                0x0800a604       0x1c C:/ST/STM32CubeCLT_1.19.0/GNU-tools-for-STM32/bin/../lib/gcc/arm-none-eabi/13.3.1/../../../../arm-none-eabi/lib/thumb/v7e-m+fp/hard\libm.a(libm_a-math_errf.o)
 .text.xflowf   0x0800a620       0x16 C:/ST/STM32CubeCLT_1.19.0/GNU-tools-for-STM32/bin/../lib/gcc/arm-none-eabi/13.3.1/../../../../arm-none-eabi/lib/thumb/v7e-m+fp/hard\libm.a(libm_a-math_errf.o)
 *fill*         0x0800a636        0x2 
 .text.__math_uflowf
                0x0800a638        0xc C:/ST/STM32CubeCLT_1.19.0/GNU-tools-for-STM32/bin/../lib/gcc/arm-none-eabi/13.3.1/../../../../arm-none-eabi/lib/thumb/v7e-m+fp/hard\libm.a(libm_a-math_errf.o)
                0x0800a638                __math_uflowf
 .text.__math_oflowf
                0x0800a644        0xc C:/ST/STM32CubeCLT_1.19.0/GNU-tools-for-STM32/bin/../lib/gcc/arm-none-eabi/13.3.1/../../../../arm-none-eabi/lib/thumb/v7e-m+fp/hard\libm.a(libm_a-math_errf.o)
                0x0800a644                __math_oflowf
 .text.__ieee754_sqrtf
                0x0800a650        0x6 C:/ST/STM32CubeCLT_1.19.0/GNU-tools-for-STM32/bin/../lib/gcc/arm-none-eabi/13.3.1/../../../../arm-none-eabi/lib/thumb/v7e-m+fp/hard\libm.a(libm_a-ef_sqrt.o)
                0x0800a650                __ieee754_sqrtf
 *fill*         0x0800a656        0x2 
 .text.__kernel_rem_pio2f
                0x0800a658      0x4d0 C:/ST/STM32CubeCLT_1.19.0/GNU-tools-for-STM32/bin/../lib/gcc/arm-none-eabi/13.3.1/../../../../arm-none-eabi/lib/thumb/v7e-m+fp/hard\libm.a(libm_a-kf_rem_pio2.o)
                0x0800a658                __kernel_rem_pio2f
 .text.floorf   0x0800ab28       0x88 C:/ST/STM32CubeCLT_1.19.0/GNU-tools-for-STM32/bin/../lib/gcc/arm-none-eabi/13.3.1/../../../../arm-none-eabi/lib/thumb/v7e-m+fp/hard\libm.a(libm_a-sf_floor.o)
                0x0800ab28                floorf
 *(.glue_7)
 .glue_7        0x0800abb0        0x0 linker stubs
 *(.glue_7t)
 .glue_7t       0x0800abb0        0x0 linker stubs
 *(.eh_frame)
 .eh_frame      0x0800abb0        0x0 C:/ST/STM32CubeCLT_1.19.0/GNU-tools-for-STM32/bin/../lib/gcc/arm-none-eabi/13.3.1/thumb/v7e-m+fp/hard/crtbegin.o
 *(.init)
 .init          0x0800abb0        0x4 C:/ST/STM32CubeCLT_1.19.0/GNU-tools-for-STM32/bin/../lib/gcc/arm-none-eabi/13.3.1/thumb/v7e-m+fp/hard/crti.o
                0x0800abb0                _init
 .init          0x0800abb4        0x8 C:/ST/STM32CubeCLT_1.19.0/GNU-tools-for-STM32/bin/../lib/gcc/arm-none-eabi/13.3.1/thumb/v7e-m+fp/hard/crtn.o
 *(.fini)
 .fini          0x0800abbc        0x4 C:/ST/STM32CubeCLT_1.19.0/GNU-tools-for-STM32/bin/../lib/gcc/arm-none-eabi/13.3.1/thumb/v7e-m+fp/hard/crti.o
                0x0800abbc                _fini
 .fini          0x0800abc0        0x8 C:/ST/STM32CubeCLT_1.19.0/GNU-tools-for-STM32/bin/../lib/gcc/arm-none-eabi/13.3.1/thumb/v7e-m+fp/hard/crtn.o
                0x0800abc8                        . = ALIGN (0x4)
                0x0800abc8                        _etext = .

.vfp11_veneer   0x0800abc8        0x0
 .vfp11_veneer  0x0800abc8        0x0 linker stubs

.v4_bx          0x0800abc8        0x0
 .v4_bx         0x0800abc8        0x0 linker stubs

.iplt           0x0800abc8        0x0
 .iplt          0x0800abc8        0x0 C:/ST/STM32CubeCLT_1.19.0/GNU-tools-for-STM32/bin/../lib/gcc/arm-none-eabi/13.3.1/thumb/v7e-m+fp/hard/crtbegin.o

.rodata         0x0800abc8      0x4f4
                0x0800abc8                        . = ALIGN (0x4)
 *(.rodata)
 .rodata        0x0800abc8       0x20 CMakeFiles/G4sensorNodeA02.dir/Core/Src/main.c.obj
 *(.rodata*)
 .rodata.K_DIR_NEG_C
                0x0800abe8       0x2c CMakeFiles/G4sensorNodeA02.dir/Core/Src/tc_k.c.obj
 .rodata.K_DIR_POS_C
                0x0800ac14       0x28 CMakeFiles/G4sensorNodeA02.dir/Core/Src/tc_k.c.obj
 .rodata.K_INV_E_NEG
                0x0800ac3c       0x24 CMakeFiles/G4sensorNodeA02.dir/Core/Src/tc_k.c.obj
 .rodata.K_INV_E_MID
                0x0800ac60       0x28 CMakeFiles/G4sensorNodeA02.dir/Core/Src/tc_k.c.obj
 .rodata.K_INV_E_HI
                0x0800ac88       0x1c CMakeFiles/G4sensorNodeA02.dir/Core/Src/tc_k.c.obj
 .rodata.AHBPrescTable
                0x0800aca4       0x10 CMakeFiles/G4sensorNodeA02.dir/Core/Src/system_stm32g4xx.c.obj
                0x0800aca4                AHBPrescTable
 .rodata.ln2LO  0x0800acb4        0x8 C:/ST/STM32CubeCLT_1.19.0/GNU-tools-for-STM32/bin/../lib/gcc/arm-none-eabi/13.3.1/../../../../arm-none-eabi/lib/thumb/v7e-m+fp/hard\libm.a(libm_a-ef_exp.o)
 .rodata.ln2HI  0x0800acbc        0x8 C:/ST/STM32CubeCLT_1.19.0/GNU-tools-for-STM32/bin/../lib/gcc/arm-none-eabi/13.3.1/../../../../arm-none-eabi/lib/thumb/v7e-m+fp/hard\libm.a(libm_a-ef_exp.o)
 .rodata.halF   0x0800acc4        0x8 C:/ST/STM32CubeCLT_1.19.0/GNU-tools-for-STM32/bin/../lib/gcc/arm-none-eabi/13.3.1/../../../../arm-none-eabi/lib/thumb/v7e-m+fp/hard\libm.a(libm_a-ef_exp.o)
 .rodata.Zero   0x0800accc        0x8 C:/ST/STM32CubeCLT_1.19.0/GNU-tools-for-STM32/bin/../lib/gcc/arm-none-eabi/13.3.1/../../../../arm-none-eabi/lib/thumb/v7e-m+fp/hard\libm.a(libm_a-ef_fmod.o)
 .rodata.dp_l   0x0800acd4        0x8 C:/ST/STM32CubeCLT_1.19.0/GNU-tools-for-STM32/bin/../lib/gcc/arm-none-eabi/13.3.1/../../../../arm-none-eabi/lib/thumb/v7e-m+fp/hard\libm.a(libm_a-ef_pow.o)
 .rodata.dp_h   0x0800acdc        0x8 C:/ST/STM32CubeCLT_1.19.0/GNU-tools-for-STM32/bin/../lib/gcc/arm-none-eabi/13.3.1/../../../../arm-none-eabi/lib/thumb/v7e-m+fp/hard\libm.a(libm_a-ef_pow.o)
 .rodata.bp     0x0800ace4        0x8 C:/ST/STM32CubeCLT_1.19.0/GNU-tools-for-STM32/bin/../lib/gcc/arm-none-eabi/13.3.1/../../../../arm-none-eabi/lib/thumb/v7e-m+fp/hard\libm.a(libm_a-ef_pow.o)
 .rodata.npio2_hw
                0x0800acec       0x80 C:/ST/STM32CubeCLT_1.19.0/GNU-tools-for-STM32/bin/../lib/gcc/arm-none-eabi/13.3.1/../../../../arm-none-eabi/lib/thumb/v7e-m+fp/hard\libm.a(libm_a-ef_rem_pio2.o)
 .rodata.two_over_pi
                0x0800ad6c      0x318 C:/ST/STM32CubeCLT_1.19.0/GNU-tools-for-STM32/bin/../lib/gcc/arm-none-eabi/13.3.1/../../../../arm-none-eabi/lib/thumb/v7e-m+fp/hard\libm.a(libm_a-ef_rem_pio2.o)
 .rodata.PIo2   0x0800b084       0x2c C:/ST/STM32CubeCLT_1.19.0/GNU-tools-for-STM32/bin/../lib/gcc/arm-none-eabi/13.3.1/../../../../arm-none-eabi/lib/thumb/v7e-m+fp/hard\libm.a(libm_a-kf_rem_pio2.o)
 .rodata.init_jk
                0x0800b0b0        0xc C:/ST/STM32CubeCLT_1.19.0/GNU-tools-for-STM32/bin/../lib/gcc/arm-none-eabi/13.3.1/../../../../arm-none-eabi/lib/thumb/v7e-m+fp/hard\libm.a(libm_a-kf_rem_pio2.o)
                0x0800b0bc                        . = ALIGN (0x4)

.rel.dyn        0x0800b0bc        0x0
 .rel.iplt      0x0800b0bc        0x0 C:/ST/STM32CubeCLT_1.19.0/GNU-tools-for-STM32/bin/../lib/gcc/arm-none-eabi/13.3.1/thumb/v7e-m+fp/hard/crtbegin.o

.ARM.extab
 *(.ARM.extab* .gnu.linkonce.armextab.*)

.ARM            0x0800b0bc        0x0
                0x0800b0bc                        __exidx_start = .
 *(.ARM.exidx*)
                0x0800b0bc                        __exidx_end = .

.preinit_array  0x0800b0bc        0x0
                0x0800b0bc                        PROVIDE (__preinit_array_start = .)
 *(.preinit_array*)
                0x0800b0bc                        PROVIDE (__preinit_array_end = .)

.init_array     0x0800b0bc        0x4
                0x0800b0bc                        PROVIDE (__init_array_start = .)
 *(SORT_BY_NAME(.init_array.*))
 *(.init_array*)
 .init_array    0x0800b0bc        0x4 C:/ST/STM32CubeCLT_1.19.0/GNU-tools-for-STM32/bin/../lib/gcc/arm-none-eabi/13.3.1/thumb/v7e-m+fp/hard/crtbegin.o
                0x0800b0c0                        PROVIDE (__init_array_end = .)

.fini_array     0x0800b0c0        0x4
                [!provide]                        PROVIDE (__fini_array_start = .)
 *(SORT_BY_NAME(.fini_array.*))
 *(.fini_array*)
 .fini_array    0x0800b0c0        0x4 C:/ST/STM32CubeCLT_1.19.0/GNU-tools-for-STM32/bin/../lib/gcc/arm-none-eabi/13.3.1/thumb/v7e-m+fp/hard/crtbegin.o
                [!provide]                        PROVIDE (__fini_array_end = .)
                0x0800b0c4                        _sidata = LOADADDR (.data)

.data           0x20000000       0x5c load address 0x0800b0c4
                0x20000000                        . = ALIGN (0x4)
                0x20000000                        _sdata = .
 *(.data)
 *(.data*)
 .data._impure_ptr
                0x20000000        0x4 C:/ST/STM32CubeCLT_1.19.0/GNU-tools-for-STM32/bin/../lib/gcc/arm-none-eabi/13.3.1/../../../../arm-none-eabi/lib/thumb/v7e-m+fp/hard\libc_nano.a(libc_a-impure.o)
                0x20000000                _impure_ptr
 .data._impure_data
                0x20000004       0x4c C:/ST/STM32CubeCLT_1.19.0/GNU-tools-for-STM32/bin/../lib/gcc/arm-none-eabi/13.3.1/../../../../arm-none-eabi/lib/thumb/v7e-m+fp/hard\libc_nano.a(libc_a-impure.o)
                0x20000004                _impure_data
 .data.uwTickPrio
                0x20000050        0x4 CMakeFiles/G4sensorNodeA02.dir/Drivers/STM32G4xx_HAL_Driver/Src/stm32g4xx_hal.c.obj
                0x20000050                uwTickPrio
 .data.uwTickFreq
                0x20000054        0x4 CMakeFiles/G4sensorNodeA02.dir/Drivers/STM32G4xx_HAL_Driver/Src/stm32g4xx_hal.c.obj
                0x20000054                uwTickFreq
 .data.SystemCoreClock
                0x20000058        0x4 CMakeFiles/G4sensorNodeA02.dir/Core/Src/system_stm32g4xx.c.obj
                0x20000058                SystemCoreClock
                0x2000005c                        . = ALIGN (0x4)
                0x2000005c                        _edata = .

.igot.plt       0x2000005c        0x0 load address 0x0800b120
 .igot.plt      0x2000005c        0x0 C:/ST/STM32CubeCLT_1.19.0/GNU-tools-for-STM32/bin/../lib/gcc/arm-none-eabi/13.3.1/thumb/v7e-m+fp/hard/crtbegin.o
                0x2000005c                        . = ALIGN (0x4)

.bss            0x2000005c      0xb80 load address 0x0800b120
                0x2000005c                        _sbss = .
                0x2000005c                        __bss_start__ = _sbss
 *(.bss)
 .bss           0x2000005c       0x1c C:/ST/STM32CubeCLT_1.19.0/GNU-tools-for-STM32/bin/../lib/gcc/arm-none-eabi/13.3.1/thumb/v7e-m+fp/hard/crtbegin.o
 *(.bss*)
 .bss.__sf      0x20000078      0x138 C:/ST/STM32CubeCLT_1.19.0/GNU-tools-for-STM32/bin/../lib/gcc/arm-none-eabi/13.3.1/../../../../arm-none-eabi/lib/thumb/v7e-m+fp/hard\libc_nano.a(libc_a-findfp.o)
                0x20000078                __sf
 .bss.t_49      0x200001b0       0x14 CMakeFiles/G4sensorNodeA02.dir/Core/Src/main.c.obj
 .bss.t_48      0x200001c4       0x14 CMakeFiles/G4sensorNodeA02.dir/Core/Src/main.c.obj
 .bss.g_tc_k    0x200001d8        0x8 CMakeFiles/G4sensorNodeA02.dir/Core/Src/main.c.obj
 .bss.g_tc_degC
                0x200001e0       0x10 CMakeFiles/G4sensorNodeA02.dir/Core/Src/main.c.obj
                0x200001e0                g_tc_degC
 .bss.g_tmp117_c_49
                0x200001f0        0x4 CMakeFiles/G4sensorNodeA02.dir/Core/Src/main.c.obj
                0x200001f0                g_tmp117_c_49
 .bss.g_tmp117_c_48
                0x200001f4        0x4 CMakeFiles/G4sensorNodeA02.dir/Core/Src/main.c.obj
                0x200001f4                g_tmp117_c_48
 .bss.g_tmp117_raw_49
                0x200001f8        0x2 CMakeFiles/G4sensorNodeA02.dir/Core/Src/main.c.obj
                0x200001f8                g_tmp117_raw_49
 .bss.g_tmp117_raw_48
                0x200001fa        0x2 CMakeFiles/G4sensorNodeA02.dir/Core/Src/main.c.obj
                0x200001fa                g_tmp117_raw_48
 .bss.last_sample_49
                0x200001fc        0x4 CMakeFiles/G4sensorNodeA02.dir/Core/Src/main.c.obj
 .bss.last_sample_48
                0x20000200        0x4 CMakeFiles/G4sensorNodeA02.dir/Core/Src/main.c.obj
 .bss.g_dma_kick_49
                0x20000204        0x1 CMakeFiles/G4sensorNodeA02.dir/Core/Src/main.c.obj
                0x20000204                g_dma_kick_49
 .bss.g_dma_kick_48
                0x20000205        0x1 CMakeFiles/G4sensorNodeA02.dir/Core/Src/main.c.obj
                0x20000205                g_dma_kick_48
 *fill*         0x20000206        0x2 
 .bss.g_i2c4_error
                0x20000208        0x4 CMakeFiles/G4sensorNodeA02.dir/Core/Src/main.c.obj
                0x20000208                g_i2c4_error
 .bss.g_i2c4_state
                0x2000020c        0x1 CMakeFiles/G4sensorNodeA02.dir/Core/Src/main.c.obj
                0x2000020c                g_i2c4_state
 *fill*         0x2000020d        0x3 
 .bss.g_memrx_cplt_hits
                0x20000210        0x4 CMakeFiles/G4sensorNodeA02.dir/Core/Src/main.c.obj
                0x20000210                g_memrx_cplt_hits
 .bss.hadc1     0x20000214       0x6c CMakeFiles/G4sensorNodeA02.dir/Core/Src/adc.c.obj
                0x20000214                hadc1
 .bss.hadc2     0x20000280       0x6c CMakeFiles/G4sensorNodeA02.dir/Core/Src/adc.c.obj
                0x20000280                hadc2
 .bss.hadc3     0x200002ec       0x6c CMakeFiles/G4sensorNodeA02.dir/Core/Src/adc.c.obj
                0x200002ec                hadc3
 .bss.hadc4     0x20000358       0x6c CMakeFiles/G4sensorNodeA02.dir/Core/Src/adc.c.obj
                0x20000358                hadc4
 .bss.hdma_adc1
                0x200003c4       0x60 CMakeFiles/G4sensorNodeA02.dir/Core/Src/adc.c.obj
                0x200003c4                hdma_adc1
 .bss.hdma_adc2
                0x20000424       0x60 CMakeFiles/G4sensorNodeA02.dir/Core/Src/adc.c.obj
                0x20000424                hdma_adc2
 .bss.hdma_adc3
                0x20000484       0x60 CMakeFiles/G4sensorNodeA02.dir/Core/Src/adc.c.obj
                0x20000484                hdma_adc3
 .bss.hdma_adc4
                0x200004e4       0x60 CMakeFiles/G4sensorNodeA02.dir/Core/Src/adc.c.obj
                0x200004e4                hdma_adc4
 .bss.HAL_RCC_ADC12_CLK_ENABLED
                0x20000544        0x4 CMakeFiles/G4sensorNodeA02.dir/Core/Src/adc.c.obj
 .bss.HAL_RCC_ADC345_CLK_ENABLED
                0x20000548        0x4 CMakeFiles/G4sensorNodeA02.dir/Core/Src/adc.c.obj
 .bss.hi2c4     0x2000054c       0x54 CMakeFiles/G4sensorNodeA02.dir/Core/Src/i2c.c.obj
                0x2000054c                hi2c4
 .bss.hdma_i2c4_rx
                0x200005a0       0x60 CMakeFiles/G4sensorNodeA02.dir/Core/Src/i2c.c.obj
                0x200005a0                hdma_i2c4_rx
 .bss.hdma_i2c4_tx
                0x20000600       0x60 CMakeFiles/G4sensorNodeA02.dir/Core/Src/i2c.c.obj
                0x20000600                hdma_i2c4_tx
 .bss.htim5     0x20000660       0x4c CMakeFiles/G4sensorNodeA02.dir/Core/Src/tim.c.obj
                0x20000660                htim5
 .bss.htim6     0x200006ac       0x4c CMakeFiles/G4sensorNodeA02.dir/Core/Src/tim.c.obj
                0x200006ac                htim6
 .bss.hdma_tim5_ch1
                0x200006f8       0x60 CMakeFiles/G4sensorNodeA02.dir/Core/Src/tim.c.obj
                0x200006f8                hdma_tim5_ch1
 .bss.dmaBuf    0x20000758      0x310 CMakeFiles/G4sensorNodeA02.dir/Core/Src/sk6812.c.obj
 .bss.pixels    0x20000a68        0xc CMakeFiles/G4sensorNodeA02.dir/Core/Src/sk6812.c.obj
 .bss.dmaBusy   0x20000a74        0x1 CMakeFiles/G4sensorNodeA02.dir/Core/Src/sk6812.c.obj
 *fill*         0x20000a75        0x3 
 .bss.period_ticks
                0x20000a78        0x4 CMakeFiles/G4sensorNodeA02.dir/Core/Src/sk6812.c.obj
 .bss.T0H_ticks
                0x20000a7c        0x4 CMakeFiles/G4sensorNodeA02.dir/Core/Src/sk6812.c.obj
 .bss.T1H_ticks
                0x20000a80        0x4 CMakeFiles/G4sensorNodeA02.dir/Core/Src/sk6812.c.obj
 .bss.g_active_dev
                0x20000a84        0x4 CMakeFiles/G4sensorNodeA02.dir/Core/Src/tmp117.c.obj
 .bss.adc1_buf  0x20000a88       0x50 CMakeFiles/G4sensorNodeA02.dir/Core/Src/adc_dma.c.obj
 .bss.adc2_buf  0x20000ad8       0x50 CMakeFiles/G4sensorNodeA02.dir/Core/Src/adc_dma.c.obj
 .bss.adc3_buf  0x20000b28       0x50 CMakeFiles/G4sensorNodeA02.dir/Core/Src/adc_dma.c.obj
 .bss.adc4_buf  0x20000b78       0x50 CMakeFiles/G4sensorNodeA02.dir/Core/Src/adc_dma.c.obj
 .bss.g_adc_avg_500Hz
                0x20000bc8       0x10 CMakeFiles/G4sensorNodeA02.dir/Core/Src/adc_dma.c.obj
                0x20000bc8                g_adc_avg_500Hz
 .bss.uwTick    0x20000bd8        0x4 CMakeFiles/G4sensorNodeA02.dir/Drivers/STM32G4xx_HAL_Driver/Src/stm32g4xx_hal.c.obj
                0x20000bd8                uwTick
 *(COMMON)
                0x20000bdc                        . = ALIGN (0x4)
                0x20000bdc                        _ebss = .
                0x20000bdc                        __bss_end__ = _ebss

._user_heap_stack
                0x20000bdc      0x604 load address 0x0800b120
                0x20000be0                        . = ALIGN (0x8)
 *fill*         0x20000bdc        0x4 
                [!provide]                        PROVIDE (end = .)
                0x20000be0                        PROVIDE (_end = .)
                0x20000de0                        . = (. + _Min_Heap_Size)
 *fill*         0x20000be0      0x200 
                0x200011e0                        . = (. + _Min_Stack_Size)
 *fill*         0x20000de0      0x400 
                0x200011e0                        . = ALIGN (0x8)

/DISCARD/
 libc.a(*)
 libm.a(*)
 libgcc.a(*)
OUTPUT(G4sensorNodeA02.elf elf32-littlearm)
LOAD linker stubs
LOAD C:/ST/STM32CubeCLT_1.19.0/GNU-tools-for-STM32/bin/../lib/gcc/arm-none-eabi/13.3.1/../../../../arm-none-eabi/lib/thumb/v7e-m+fp/hard\libc.a
LOAD C:/ST/STM32CubeCLT_1.19.0/GNU-tools-for-STM32/bin/../lib/gcc/arm-none-eabi/13.3.1/../../../../arm-none-eabi/lib/thumb/v7e-m+fp/hard\libm.a
LOAD C:/ST/STM32CubeCLT_1.19.0/GNU-tools-for-STM32/bin/../lib/gcc/arm-none-eabi/13.3.1/thumb/v7e-m+fp/hard\libgcc.a

.ARM.attributes
                0x00000000       0x30
 .ARM.attributes
                0x00000000       0x22 C:/ST/STM32CubeCLT_1.19.0/GNU-tools-for-STM32/bin/../lib/gcc/arm-none-eabi/13.3.1/thumb/v7e-m+fp/hard/crti.o
 .ARM.attributes
                0x00000022       0x34 C:/ST/STM32CubeCLT_1.19.0/GNU-tools-for-STM32/bin/../lib/gcc/arm-none-eabi/13.3.1/thumb/v7e-m+fp/hard/crtbegin.o
 .ARM.attributes
                0x00000056       0x34 C:/ST/STM32CubeCLT_1.19.0/GNU-tools-for-STM32/bin/../lib/gcc/arm-none-eabi/13.3.1/../../../../arm-none-eabi/lib/thumb/v7e-m+fp/hard\libc_nano.a(libc_a-findfp.o)
 .ARM.attributes
                0x0000008a       0x34 C:/ST/STM32CubeCLT_1.19.0/GNU-tools-for-STM32/bin/../lib/gcc/arm-none-eabi/13.3.1/../../../../arm-none-eabi/lib/thumb/v7e-m+fp/hard\libc_nano.a(libc_a-memset.o)
 .ARM.attributes
                0x000000be       0x34 C:/ST/STM32CubeCLT_1.19.0/GNU-tools-for-STM32/bin/../lib/gcc/arm-none-eabi/13.3.1/../../../../arm-none-eabi/lib/thumb/v7e-m+fp/hard\libc_nano.a(libc_a-impure.o)
 .ARM.attributes
                0x000000f2       0x34 C:/ST/STM32CubeCLT_1.19.0/GNU-tools-for-STM32/bin/../lib/gcc/arm-none-eabi/13.3.1/../../../../arm-none-eabi/lib/thumb/v7e-m+fp/hard\libc_nano.a(libc_a-init.o)
 .ARM.attributes
                0x00000126       0x34 CMakeFiles/G4sensorNodeA02.dir/Core/Src/main.c.obj
 .ARM.attributes
                0x0000015a       0x34 CMakeFiles/G4sensorNodeA02.dir/Core/Src/gpio.c.obj
 .ARM.attributes
                0x0000018e       0x34 CMakeFiles/G4sensorNodeA02.dir/Core/Src/adc.c.obj
 .ARM.attributes
                0x000001c2       0x34 CMakeFiles/G4sensorNodeA02.dir/Core/Src/dma.c.obj
 .ARM.attributes
                0x000001f6       0x34 CMakeFiles/G4sensorNodeA02.dir/Core/Src/i2c.c.obj
 .ARM.attributes
                0x0000022a       0x34 CMakeFiles/G4sensorNodeA02.dir/Core/Src/tim.c.obj
 .ARM.attributes
                0x0000025e       0x34 CMakeFiles/G4sensorNodeA02.dir/Core/Src/sk6812.c.obj
 .ARM.attributes
                0x00000292       0x34 CMakeFiles/G4sensorNodeA02.dir/Core/Src/tmp117.c.obj
 .ARM.attributes
                0x000002c6       0x34 CMakeFiles/G4sensorNodeA02.dir/Core/Src/adc_dma.c.obj
 .ARM.attributes
                0x000002fa       0x34 CMakeFiles/G4sensorNodeA02.dir/Core/Src/tc_k.c.obj
 .ARM.attributes
                0x0000032e       0x34 CMakeFiles/G4sensorNodeA02.dir/Core/Src/stm32g4xx_it.c.obj
 .ARM.attributes
                0x00000362       0x34 CMakeFiles/G4sensorNodeA02.dir/Core/Src/stm32g4xx_hal_msp.c.obj
 .ARM.attributes
                0x00000396       0x34 CMakeFiles/G4sensorNodeA02.dir/Drivers/STM32G4xx_HAL_Driver/Src/stm32g4xx_hal_adc.c.obj
 .ARM.attributes
                0x000003ca       0x34 CMakeFiles/G4sensorNodeA02.dir/Drivers/STM32G4xx_HAL_Driver/Src/stm32g4xx_hal_adc_ex.c.obj
 .ARM.attributes
                0x000003fe       0x34 CMakeFiles/G4sensorNodeA02.dir/Drivers/STM32G4xx_HAL_Driver/Src/stm32g4xx_hal.c.obj
 .ARM.attributes
                0x00000432       0x34 CMakeFiles/G4sensorNodeA02.dir/Drivers/STM32G4xx_HAL_Driver/Src/stm32g4xx_hal_rcc.c.obj
 .ARM.attributes
                0x00000466       0x34 CMakeFiles/G4sensorNodeA02.dir/Drivers/STM32G4xx_HAL_Driver/Src/stm32g4xx_hal_rcc_ex.c.obj
 .ARM.attributes
                0x0000049a       0x34 CMakeFiles/G4sensorNodeA02.dir/Drivers/STM32G4xx_HAL_Driver/Src/stm32g4xx_hal_gpio.c.obj
 .ARM.attributes
                0x000004ce       0x34 CMakeFiles/G4sensorNodeA02.dir/Drivers/STM32G4xx_HAL_Driver/Src/stm32g4xx_hal_dma.c.obj
 .ARM.attributes
                0x00000502       0x34 CMakeFiles/G4sensorNodeA02.dir/Drivers/STM32G4xx_HAL_Driver/Src/stm32g4xx_hal_pwr_ex.c.obj
 .ARM.attributes
                0x00000536       0x34 CMakeFiles/G4sensorNodeA02.dir/Drivers/STM32G4xx_HAL_Driver/Src/stm32g4xx_hal_cortex.c.obj
 .ARM.attributes
                0x0000056a       0x34 CMakeFiles/G4sensorNodeA02.dir/Drivers/STM32G4xx_HAL_Driver/Src/stm32g4xx_hal_i2c.c.obj
 .ARM.attributes
                0x0000059e       0x34 CMakeFiles/G4sensorNodeA02.dir/Drivers/STM32G4xx_HAL_Driver/Src/stm32g4xx_hal_i2c_ex.c.obj
 .ARM.attributes
                0x000005d2       0x34 CMakeFiles/G4sensorNodeA02.dir/Drivers/STM32G4xx_HAL_Driver/Src/stm32g4xx_hal_tim.c.obj
 .ARM.attributes
                0x00000606       0x34 CMakeFiles/G4sensorNodeA02.dir/Drivers/STM32G4xx_HAL_Driver/Src/stm32g4xx_hal_tim_ex.c.obj
 .ARM.attributes
                0x0000063a       0x34 CMakeFiles/G4sensorNodeA02.dir/Core/Src/system_stm32g4xx.c.obj
 .ARM.attributes
                0x0000066e       0x21 CMakeFiles/G4sensorNodeA02.dir/startup_stm32g474xx.s.obj
 .ARM.attributes
                0x0000068f       0x34 C:/ST/STM32CubeCLT_1.19.0/GNU-tools-for-STM32/bin/../lib/gcc/arm-none-eabi/13.3.1/../../../../arm-none-eabi/lib/thumb/v7e-m+fp/hard\libg_nano.a(libc_a-errno.o)
 .ARM.attributes
                0x000006c3       0x22 C:/ST/STM32CubeCLT_1.19.0/GNU-tools-for-STM32/bin/../lib/gcc/arm-none-eabi/13.3.1/thumb/v7e-m+fp/hard/crtn.o

.comment        0x00000000       0x43
 .comment       0x00000000       0x43 CMakeFiles/G4sensorNodeA02.dir/Core/Src/main.c.obj
                                 0x44 (size before relaxing)
 .comment       0x00000043       0x44 CMakeFiles/G4sensorNodeA02.dir/Core/Src/gpio.c.obj
 .comment       0x00000043       0x44 CMakeFiles/G4sensorNodeA02.dir/Core/Src/adc.c.obj
 .comment       0x00000043       0x44 CMakeFiles/G4sensorNodeA02.dir/Core/Src/dma.c.obj
 .comment       0x00000043       0x44 CMakeFiles/G4sensorNodeA02.dir/Core/Src/i2c.c.obj
 .comment       0x00000043       0x44 CMakeFiles/G4sensorNodeA02.dir/Core/Src/tim.c.obj
 .comment       0x00000043       0x44 CMakeFiles/G4sensorNodeA02.dir/Core/Src/sk6812.c.obj
 .comment       0x00000043       0x44 CMakeFiles/G4sensorNodeA02.dir/Core/Src/tmp117.c.obj
 .comment       0x00000043       0x44 CMakeFiles/G4sensorNodeA02.dir/Core/Src/adc_dma.c.obj
 .comment       0x00000043       0x44 CMakeFiles/G4sensorNodeA02.dir/Core/Src/tc_k.c.obj
 .comment       0x00000043       0x44 CMakeFiles/G4sensorNodeA02.dir/Core/Src/stm32g4xx_it.c.obj
 .comment       0x00000043       0x44 CMakeFiles/G4sensorNodeA02.dir/Core/Src/stm32g4xx_hal_msp.c.obj
 .comment       0x00000043       0x44 CMakeFiles/G4sensorNodeA02.dir/Drivers/STM32G4xx_HAL_Driver/Src/stm32g4xx_hal_adc.c.obj
 .comment       0x00000043       0x44 CMakeFiles/G4sensorNodeA02.dir/Drivers/STM32G4xx_HAL_Driver/Src/stm32g4xx_hal_adc_ex.c.obj
 .comment       0x00000043       0x44 CMakeFiles/G4sensorNodeA02.dir/Drivers/STM32G4xx_HAL_Driver/Src/stm32g4xx_hal.c.obj
 .comment       0x00000043       0x44 CMakeFiles/G4sensorNodeA02.dir/Drivers/STM32G4xx_HAL_Driver/Src/stm32g4xx_hal_rcc.c.obj
 .comment       0x00000043       0x44 CMakeFiles/G4sensorNodeA02.dir/Drivers/STM32G4xx_HAL_Driver/Src/stm32g4xx_hal_rcc_ex.c.obj
 .comment       0x00000043       0x44 CMakeFiles/G4sensorNodeA02.dir/Drivers/STM32G4xx_HAL_Driver/Src/stm32g4xx_hal_gpio.c.obj
 .comment       0x00000043       0x44 CMakeFiles/G4sensorNodeA02.dir/Drivers/STM32G4xx_HAL_Driver/Src/stm32g4xx_hal_dma.c.obj
 .comment       0x00000043       0x44 CMakeFiles/G4sensorNodeA02.dir/Drivers/STM32G4xx_HAL_Driver/Src/stm32g4xx_hal_pwr_ex.c.obj
 .comment       0x00000043       0x44 CMakeFiles/G4sensorNodeA02.dir/Drivers/STM32G4xx_HAL_Driver/Src/stm32g4xx_hal_cortex.c.obj
 .comment       0x00000043       0x44 CMakeFiles/G4sensorNodeA02.dir/Drivers/STM32G4xx_HAL_Driver/Src/stm32g4xx_hal_i2c.c.obj
 .comment       0x00000043       0x44 CMakeFiles/G4sensorNodeA02.dir/Drivers/STM32G4xx_HAL_Driver/Src/stm32g4xx_hal_i2c_ex.c.obj
 .comment       0x00000043       0x44 CMakeFiles/G4sensorNodeA02.dir/Drivers/STM32G4xx_HAL_Driver/Src/stm32g4xx_hal_tim.c.obj
 .comment       0x00000043       0x44 CMakeFiles/G4sensorNodeA02.dir/Drivers/STM32G4xx_HAL_Driver/Src/stm32g4xx_hal_tim_ex.c.obj
 .comment       0x00000043       0x44 CMakeFiles/G4sensorNodeA02.dir/Core/Src/system_stm32g4xx.c.obj
 .comment       0x00000043       0x44 C:/ST/STM32CubeCLT_1.19.0/GNU-tools-for-STM32/bin/../lib/gcc/arm-none-eabi/13.3.1/../../../../arm-none-eabi/lib/thumb/v7e-m+fp/hard\libg_nano.a(libc_a-errno.o)

.debug_frame    0x00000000     0x6160
 .debug_frame   0x00000000      0x144 C:/ST/STM32CubeCLT_1.19.0/GNU-tools-for-STM32/bin/../lib/gcc/arm-none-eabi/13.3.1/../../../../arm-none-eabi/lib/thumb/v7e-m+fp/hard\libc_nano.a(libc_a-findfp.o)
 .debug_frame   0x00000144       0x20 C:/ST/STM32CubeCLT_1.19.0/GNU-tools-for-STM32/bin/../lib/gcc/arm-none-eabi/13.3.1/../../../../arm-none-eabi/lib/thumb/v7e-m+fp/hard\libc_nano.a(libc_a-memset.o)
 .debug_frame   0x00000164       0x2c C:/ST/STM32CubeCLT_1.19.0/GNU-tools-for-STM32/bin/../lib/gcc/arm-none-eabi/13.3.1/../../../../arm-none-eabi/lib/thumb/v7e-m+fp/hard\libc_nano.a(libc_a-init.o)
 .debug_frame   0x00000190       0x90 CMakeFiles/G4sensorNodeA02.dir/Core/Src/main.c.obj
 .debug_frame   0x00000220       0x34 CMakeFiles/G4sensorNodeA02.dir/Core/Src/gpio.c.obj
 .debug_frame   0x00000254       0xec CMakeFiles/G4sensorNodeA02.dir/Core/Src/adc.c.obj
 .debug_frame   0x00000340       0x34 CMakeFiles/G4sensorNodeA02.dir/Core/Src/dma.c.obj
 .debug_frame   0x00000374       0x78 CMakeFiles/G4sensorNodeA02.dir/Core/Src/i2c.c.obj
 .debug_frame   0x000003ec      0x114 CMakeFiles/G4sensorNodeA02.dir/Core/Src/tim.c.obj
 .debug_frame   0x00000500      0x178 CMakeFiles/G4sensorNodeA02.dir/Core/Src/sk6812.c.obj
 .debug_frame   0x00000678      0x1a8 CMakeFiles/G4sensorNodeA02.dir/Core/Src/tmp117.c.obj
 .debug_frame   0x00000820      0x110 CMakeFiles/G4sensorNodeA02.dir/Core/Src/adc_dma.c.obj
 .debug_frame   0x00000930      0x11c CMakeFiles/G4sensorNodeA02.dir/Core/Src/tc_k.c.obj
 .debug_frame   0x00000a4c      0x254 CMakeFiles/G4sensorNodeA02.dir/Core/Src/stm32g4xx_it.c.obj
 .debug_frame   0x00000ca0       0x34 CMakeFiles/G4sensorNodeA02.dir/Core/Src/stm32g4xx_hal_msp.c.obj
 .debug_frame   0x00000cd4      0xacc CMakeFiles/G4sensorNodeA02.dir/Drivers/STM32G4xx_HAL_Driver/Src/stm32g4xx_hal_adc.c.obj
 .debug_frame   0x000017a0      0x81c CMakeFiles/G4sensorNodeA02.dir/Drivers/STM32G4xx_HAL_Driver/Src/stm32g4xx_hal_adc_ex.c.obj
 .debug_frame   0x00001fbc      0x500 CMakeFiles/G4sensorNodeA02.dir/Drivers/STM32G4xx_HAL_Driver/Src/stm32g4xx_hal.c.obj
 .debug_frame   0x000024bc      0x23c CMakeFiles/G4sensorNodeA02.dir/Drivers/STM32G4xx_HAL_Driver/Src/stm32g4xx_hal_rcc.c.obj
 .debug_frame   0x000026f8      0x2ac CMakeFiles/G4sensorNodeA02.dir/Drivers/STM32G4xx_HAL_Driver/Src/stm32g4xx_hal_rcc_ex.c.obj
 .debug_frame   0x000029a4      0x14c CMakeFiles/G4sensorNodeA02.dir/Drivers/STM32G4xx_HAL_Driver/Src/stm32g4xx_hal_gpio.c.obj
 .debug_frame   0x00002af0      0x24c CMakeFiles/G4sensorNodeA02.dir/Drivers/STM32G4xx_HAL_Driver/Src/stm32g4xx_hal_dma.c.obj
 .debug_frame   0x00002d3c      0x4fc CMakeFiles/G4sensorNodeA02.dir/Drivers/STM32G4xx_HAL_Driver/Src/stm32g4xx_hal_pwr_ex.c.obj
 .debug_frame   0x00003238      0x4e8 CMakeFiles/G4sensorNodeA02.dir/Drivers/STM32G4xx_HAL_Driver/Src/stm32g4xx_hal_cortex.c.obj
 .debug_frame   0x00003720      0xc38 CMakeFiles/G4sensorNodeA02.dir/Drivers/STM32G4xx_HAL_Driver/Src/stm32g4xx_hal_i2c.c.obj
 .debug_frame   0x00004358      0x100 CMakeFiles/G4sensorNodeA02.dir/Drivers/STM32G4xx_HAL_Driver/Src/stm32g4xx_hal_i2c_ex.c.obj
 .debug_frame   0x00004458     0x1220 CMakeFiles/G4sensorNodeA02.dir/Drivers/STM32G4xx_HAL_Driver/Src/stm32g4xx_hal_tim.c.obj
 .debug_frame   0x00005678      0xa70 CMakeFiles/G4sensorNodeA02.dir/Drivers/STM32G4xx_HAL_Driver/Src/stm32g4xx_hal_tim_ex.c.obj
 .debug_frame   0x000060e8       0x58 CMakeFiles/G4sensorNodeA02.dir/Core/Src/system_stm32g4xx.c.obj
 .debug_frame   0x00006140       0x20 C:/ST/STM32CubeCLT_1.19.0/GNU-tools-for-STM32/bin/../lib/gcc/arm-none-eabi/13.3.1/../../../../arm-none-eabi/lib/thumb/v7e-m+fp/hard\libg_nano.a(libc_a-errno.o)

.debug_info     0x00000000    0x197db
 .debug_info    0x00000000     0x105d CMakeFiles/G4sensorNodeA02.dir/Core/Src/main.c.obj
 .debug_info    0x0000105d      0x75e CMakeFiles/G4sensorNodeA02.dir/Core/Src/gpio.c.obj
 .debug_info    0x000017bb     0x114f CMakeFiles/G4sensorNodeA02.dir/Core/Src/adc.c.obj
 .debug_info    0x0000290a      0x5ac CMakeFiles/G4sensorNodeA02.dir/Core/Src/dma.c.obj
 .debug_info    0x00002eb6     0x1005 CMakeFiles/G4sensorNodeA02.dir/Core/Src/i2c.c.obj
 .debug_info    0x00003ebb     0x1166 CMakeFiles/G4sensorNodeA02.dir/Core/Src/tim.c.obj
 .debug_info    0x00005021      0xcd3 CMakeFiles/G4sensorNodeA02.dir/Core/Src/sk6812.c.obj
 .debug_info    0x00005cf4      0xbf3 CMakeFiles/G4sensorNodeA02.dir/Core/Src/tmp117.c.obj
 .debug_info    0x000068e7      0xee0 CMakeFiles/G4sensorNodeA02.dir/Core/Src/adc_dma.c.obj
 .debug_info    0x000077c7      0x439 CMakeFiles/G4sensorNodeA02.dir/Core/Src/tc_k.c.obj
 .debug_info    0x00007c00      0xd0a CMakeFiles/G4sensorNodeA02.dir/Core/Src/stm32g4xx_it.c.obj
 .debug_info    0x0000890a      0x2da CMakeFiles/G4sensorNodeA02.dir/Core/Src/stm32g4xx_hal_msp.c.obj
 .debug_info    0x00008be4     0x2063 CMakeFiles/G4sensorNodeA02.dir/Drivers/STM32G4xx_HAL_Driver/Src/stm32g4xx_hal_adc.c.obj
 .debug_info    0x0000ac47     0x1d80 CMakeFiles/G4sensorNodeA02.dir/Drivers/STM32G4xx_HAL_Driver/Src/stm32g4xx_hal_adc_ex.c.obj
 .debug_info    0x0000c9c7      0xb95 CMakeFiles/G4sensorNodeA02.dir/Drivers/STM32G4xx_HAL_Driver/Src/stm32g4xx_hal.c.obj
 .debug_info    0x0000d55c      0xbe0 CMakeFiles/G4sensorNodeA02.dir/Drivers/STM32G4xx_HAL_Driver/Src/stm32g4xx_hal_rcc.c.obj
 .debug_info    0x0000e13c      0xc45 CMakeFiles/G4sensorNodeA02.dir/Drivers/STM32G4xx_HAL_Driver/Src/stm32g4xx_hal_rcc_ex.c.obj
 .debug_info    0x0000ed81      0x763 CMakeFiles/G4sensorNodeA02.dir/Drivers/STM32G4xx_HAL_Driver/Src/stm32g4xx_hal_gpio.c.obj
 .debug_info    0x0000f4e4      0x85f CMakeFiles/G4sensorNodeA02.dir/Drivers/STM32G4xx_HAL_Driver/Src/stm32g4xx_hal_dma.c.obj
 .debug_info    0x0000fd43      0x93f CMakeFiles/G4sensorNodeA02.dir/Drivers/STM32G4xx_HAL_Driver/Src/stm32g4xx_hal_pwr_ex.c.obj
 .debug_info    0x00010682      0xdf9 CMakeFiles/G4sensorNodeA02.dir/Drivers/STM32G4xx_HAL_Driver/Src/stm32g4xx_hal_cortex.c.obj
 .debug_info    0x0001147b     0x21ea CMakeFiles/G4sensorNodeA02.dir/Drivers/STM32G4xx_HAL_Driver/Src/stm32g4xx_hal_i2c.c.obj
 .debug_info    0x00013665      0xad6 CMakeFiles/G4sensorNodeA02.dir/Drivers/STM32G4xx_HAL_Driver/Src/stm32g4xx_hal_i2c_ex.c.obj
 .debug_info    0x0001413b     0x2c52 CMakeFiles/G4sensorNodeA02.dir/Drivers/STM32G4xx_HAL_Driver/Src/stm32g4xx_hal_tim.c.obj
 .debug_info    0x00016d8d     0x1d95 CMakeFiles/G4sensorNodeA02.dir/Drivers/STM32G4xx_HAL_Driver/Src/stm32g4xx_hal_tim_ex.c.obj
 .debug_info    0x00018b22      0x58e CMakeFiles/G4sensorNodeA02.dir/Core/Src/system_stm32g4xx.c.obj
 .debug_info    0x000190b0       0x30 CMakeFiles/G4sensorNodeA02.dir/startup_stm32g474xx.s.obj
 .debug_info    0x000190e0      0x6fb C:/ST/STM32CubeCLT_1.19.0/GNU-tools-for-STM32/bin/../lib/gcc/arm-none-eabi/13.3.1/../../../../arm-none-eabi/lib/thumb/v7e-m+fp/hard\libg_nano.a(libc_a-errno.o)

.debug_abbrev   0x00000000     0x39b7
 .debug_abbrev  0x00000000      0x2be CMakeFiles/G4sensorNodeA02.dir/Core/Src/main.c.obj
 .debug_abbrev  0x000002be      0x15b CMakeFiles/G4sensorNodeA02.dir/Core/Src/gpio.c.obj
 .debug_abbrev  0x00000419      0x239 CMakeFiles/G4sensorNodeA02.dir/Core/Src/adc.c.obj
 .debug_abbrev  0x00000652      0x109 CMakeFiles/G4sensorNodeA02.dir/Core/Src/dma.c.obj
 .debug_abbrev  0x0000075b      0x22e CMakeFiles/G4sensorNodeA02.dir/Core/Src/i2c.c.obj
 .debug_abbrev  0x00000989      0x269 CMakeFiles/G4sensorNodeA02.dir/Core/Src/tim.c.obj
 .debug_abbrev  0x00000bf2      0x297 CMakeFiles/G4sensorNodeA02.dir/Core/Src/sk6812.c.obj
 .debug_abbrev  0x00000e89      0x1f5 CMakeFiles/G4sensorNodeA02.dir/Core/Src/tmp117.c.obj
 .debug_abbrev  0x0000107e      0x27a CMakeFiles/G4sensorNodeA02.dir/Core/Src/adc_dma.c.obj
 .debug_abbrev  0x000012f8      0x18e CMakeFiles/G4sensorNodeA02.dir/Core/Src/tc_k.c.obj
 .debug_abbrev  0x00001486      0x1ea CMakeFiles/G4sensorNodeA02.dir/Core/Src/stm32g4xx_it.c.obj
 .debug_abbrev  0x00001670       0xd9 CMakeFiles/G4sensorNodeA02.dir/Core/Src/stm32g4xx_hal_msp.c.obj
 .debug_abbrev  0x00001749      0x2d3 CMakeFiles/G4sensorNodeA02.dir/Drivers/STM32G4xx_HAL_Driver/Src/stm32g4xx_hal_adc.c.obj
 .debug_abbrev  0x00001a1c      0x2ee CMakeFiles/G4sensorNodeA02.dir/Drivers/STM32G4xx_HAL_Driver/Src/stm32g4xx_hal_adc_ex.c.obj
 .debug_abbrev  0x00001d0a      0x271 CMakeFiles/G4sensorNodeA02.dir/Drivers/STM32G4xx_HAL_Driver/Src/stm32g4xx_hal.c.obj
 .debug_abbrev  0x00001f7b      0x2c9 CMakeFiles/G4sensorNodeA02.dir/Drivers/STM32G4xx_HAL_Driver/Src/stm32g4xx_hal_rcc.c.obj
 .debug_abbrev  0x00002244      0x258 CMakeFiles/G4sensorNodeA02.dir/Drivers/STM32G4xx_HAL_Driver/Src/stm32g4xx_hal_rcc_ex.c.obj
 .debug_abbrev  0x0000249c      0x1cb CMakeFiles/G4sensorNodeA02.dir/Drivers/STM32G4xx_HAL_Driver/Src/stm32g4xx_hal_gpio.c.obj
 .debug_abbrev  0x00002667      0x1e2 CMakeFiles/G4sensorNodeA02.dir/Drivers/STM32G4xx_HAL_Driver/Src/stm32g4xx_hal_dma.c.obj
 .debug_abbrev  0x00002849      0x22c CMakeFiles/G4sensorNodeA02.dir/Drivers/STM32G4xx_HAL_Driver/Src/stm32g4xx_hal_pwr_ex.c.obj
 .debug_abbrev  0x00002a75      0x31c CMakeFiles/G4sensorNodeA02.dir/Drivers/STM32G4xx_HAL_Driver/Src/stm32g4xx_hal_cortex.c.obj
 .debug_abbrev  0x00002d91      0x25e CMakeFiles/G4sensorNodeA02.dir/Drivers/STM32G4xx_HAL_Driver/Src/stm32g4xx_hal_i2c.c.obj
 .debug_abbrev  0x00002fef      0x1c0 CMakeFiles/G4sensorNodeA02.dir/Drivers/STM32G4xx_HAL_Driver/Src/stm32g4xx_hal_i2c_ex.c.obj
 .debug_abbrev  0x000031af      0x2a7 CMakeFiles/G4sensorNodeA02.dir/Drivers/STM32G4xx_HAL_Driver/Src/stm32g4xx_hal_tim.c.obj
 .debug_abbrev  0x00003456      0x2c5 CMakeFiles/G4sensorNodeA02.dir/Drivers/STM32G4xx_HAL_Driver/Src/stm32g4xx_hal_tim_ex.c.obj
 .debug_abbrev  0x0000371b      0x11a CMakeFiles/G4sensorNodeA02.dir/Core/Src/system_stm32g4xx.c.obj
 .debug_abbrev  0x00003835       0x24 CMakeFiles/G4sensorNodeA02.dir/startup_stm32g474xx.s.obj
 .debug_abbrev  0x00003859      0x15e C:/ST/STM32CubeCLT_1.19.0/GNU-tools-for-STM32/bin/../lib/gcc/arm-none-eabi/13.3.1/../../../../arm-none-eabi/lib/thumb/v7e-m+fp/hard\libg_nano.a(libc_a-errno.o)

.debug_aranges  0x00000000     0x16f8
 .debug_aranges
                0x00000000       0x38 CMakeFiles/G4sensorNodeA02.dir/Core/Src/main.c.obj
 .debug_aranges
                0x00000038       0x20 CMakeFiles/G4sensorNodeA02.dir/Core/Src/gpio.c.obj
 .debug_aranges
                0x00000058       0x48 CMakeFiles/G4sensorNodeA02.dir/Core/Src/adc.c.obj
 .debug_aranges
                0x000000a0       0x20 CMakeFiles/G4sensorNodeA02.dir/Core/Src/dma.c.obj
 .debug_aranges
                0x000000c0       0x30 CMakeFiles/G4sensorNodeA02.dir/Core/Src/i2c.c.obj
 .debug_aranges
                0x000000f0       0x50 CMakeFiles/G4sensorNodeA02.dir/Core/Src/tim.c.obj
 .debug_aranges
                0x00000140       0x68 CMakeFiles/G4sensorNodeA02.dir/Core/Src/sk6812.c.obj
 .debug_aranges
                0x000001a8       0x70 CMakeFiles/G4sensorNodeA02.dir/Core/Src/tmp117.c.obj
 .debug_aranges
                0x00000218       0x50 CMakeFiles/G4sensorNodeA02.dir/Core/Src/adc_dma.c.obj
 .debug_aranges
                0x00000268       0x50 CMakeFiles/G4sensorNodeA02.dir/Core/Src/tc_k.c.obj
 .debug_aranges
                0x000002b8       0xc0 CMakeFiles/G4sensorNodeA02.dir/Core/Src/stm32g4xx_it.c.obj
 .debug_aranges
                0x00000378       0x20 CMakeFiles/G4sensorNodeA02.dir/Core/Src/stm32g4xx_hal_msp.c.obj
 .debug_aranges
                0x00000398      0x248 CMakeFiles/G4sensorNodeA02.dir/Drivers/STM32G4xx_HAL_Driver/Src/stm32g4xx_hal_adc.c.obj
 .debug_aranges
                0x000005e0      0x1c0 CMakeFiles/G4sensorNodeA02.dir/Drivers/STM32G4xx_HAL_Driver/Src/stm32g4xx_hal_adc_ex.c.obj
 .debug_aranges
                0x000007a0      0x148 CMakeFiles/G4sensorNodeA02.dir/Drivers/STM32G4xx_HAL_Driver/Src/stm32g4xx_hal.c.obj
 .debug_aranges
                0x000008e8       0x98 CMakeFiles/G4sensorNodeA02.dir/Drivers/STM32G4xx_HAL_Driver/Src/stm32g4xx_hal_rcc.c.obj
 .debug_aranges
                0x00000980       0xb0 CMakeFiles/G4sensorNodeA02.dir/Drivers/STM32G4xx_HAL_Driver/Src/stm32g4xx_hal_rcc_ex.c.obj
 .debug_aranges
                0x00000a30       0x58 CMakeFiles/G4sensorNodeA02.dir/Drivers/STM32G4xx_HAL_Driver/Src/stm32g4xx_hal_gpio.c.obj
 .debug_aranges
                0x00000a88       0x90 CMakeFiles/G4sensorNodeA02.dir/Drivers/STM32G4xx_HAL_Driver/Src/stm32g4xx_hal_dma.c.obj
 .debug_aranges
                0x00000b18      0x140 CMakeFiles/G4sensorNodeA02.dir/Drivers/STM32G4xx_HAL_Driver/Src/stm32g4xx_hal_pwr_ex.c.obj
 .debug_aranges
                0x00000c58      0x128 CMakeFiles/G4sensorNodeA02.dir/Drivers/STM32G4xx_HAL_Driver/Src/stm32g4xx_hal_cortex.c.obj
 .debug_aranges
                0x00000d80      0x2a0 CMakeFiles/G4sensorNodeA02.dir/Drivers/STM32G4xx_HAL_Driver/Src/stm32g4xx_hal_i2c.c.obj
 .debug_aranges
                0x00001020       0x48 CMakeFiles/G4sensorNodeA02.dir/Drivers/STM32G4xx_HAL_Driver/Src/stm32g4xx_hal_i2c_ex.c.obj
 .debug_aranges
                0x00001068      0x3e0 CMakeFiles/G4sensorNodeA02.dir/Drivers/STM32G4xx_HAL_Driver/Src/stm32g4xx_hal_tim.c.obj
 .debug_aranges
                0x00001448      0x240 CMakeFiles/G4sensorNodeA02.dir/Drivers/STM32G4xx_HAL_Driver/Src/stm32g4xx_hal_tim_ex.c.obj
 .debug_aranges
                0x00001688       0x28 CMakeFiles/G4sensorNodeA02.dir/Core/Src/system_stm32g4xx.c.obj
 .debug_aranges