Archive member included to satisfy reference by file (symbol)

C:/ST/STM32CubeCLT_1.19.0/GNU-tools-for-STM32/bin/../lib/gcc/arm-none-eabi/13.3.1/../../../../arm-none-eabi/lib/thumb/v7e-m+fp/hard\libc_nano.a(libc_a-exit.o)
                              C:/ST/STM32CubeCLT_1.19.0/GNU-tools-for-STM32/bin/../lib/gcc/arm-none-eabi/13.3.1/../../../../arm-none-eabi/lib/thumb/v7e-m+fp/hard/crt0.o (exit)
C:/ST/STM32CubeCLT_1.19.0/GNU-tools-for-STM32/bin/../lib/gcc/arm-none-eabi/13.3.1/../../../../arm-none-eabi/lib/thumb/v7e-m+fp/hard\libc_nano.a(libc_a-findfp.o)
                              C:/ST/STM32CubeCLT_1.19.0/GNU-tools-for-STM32/bin/../lib/gcc/arm-none-eabi/13.3.1/../../../../arm-none-eabi/lib/thumb/v7e-m+fp/hard\libc_nano.a(libc_a-exit.o) (__stdio_exit_handler)
C:/ST/STM32CubeCLT_1.19.0/GNU-tools-for-STM32/bin/../lib/gcc/arm-none-eabi/13.3.1/../../../../arm-none-eabi/lib/thumb/v7e-m+fp/hard\libc_nano.a(libc_a-fwalk.o)
                              C:/ST/STM32CubeCLT_1.19.0/GNU-tools-for-STM32/bin/../lib/gcc/arm-none-eabi/13.3.1/../../../../arm-none-eabi/lib/thumb/v7e-m+fp/hard\libc_nano.a(libc_a-findfp.o) (_fwalk_sglue)
C:/ST/STM32CubeCLT_1.19.0/GNU-tools-for-STM32/bin/../lib/gcc/arm-none-eabi/13.3.1/../../../../arm-none-eabi/lib/thumb/v7e-m+fp/hard\libc_nano.a(libc_a-stdio.o)
                              C:/ST/STM32CubeCLT_1.19.0/GNU-tools-for-STM32/bin/../lib/gcc/arm-none-eabi/13.3.1/../../../../arm-none-eabi/lib/thumb/v7e-m+fp/hard\libc_nano.a(libc_a-findfp.o) (__sread)
C:/ST/STM32CubeCLT_1.19.0/GNU-tools-for-STM32/bin/../lib/gcc/arm-none-eabi/13.3.1/../../../../arm-none-eabi/lib/thumb/v7e-m+fp/hard\libc_nano.a(libc_a-memset.o)
                              C:/ST/STM32CubeCLT_1.19.0/GNU-tools-for-STM32/bin/../lib/gcc/arm-none-eabi/13.3.1/../../../../arm-none-eabi/lib/thumb/v7e-m+fp/hard/crt0.o (memset)
C:/ST/STM32CubeCLT_1.19.0/GNU-tools-for-STM32/bin/../lib/gcc/arm-none-eabi/13.3.1/../../../../arm-none-eabi/lib/thumb/v7e-m+fp/hard\libc_nano.a(libc_a-closer.o)
                              C:/ST/STM32CubeCLT_1.19.0/GNU-tools-for-STM32/bin/../lib/gcc/arm-none-eabi/13.3.1/../../../../arm-none-eabi/lib/thumb/v7e-m+fp/hard\libc_nano.a(libc_a-stdio.o) (_close_r)
C:/ST/STM32CubeCLT_1.19.0/GNU-tools-for-STM32/bin/../lib/gcc/arm-none-eabi/13.3.1/../../../../arm-none-eabi/lib/thumb/v7e-m+fp/hard\libc_nano.a(libc_a-reent.o)
                              C:/ST/STM32CubeCLT_1.19.0/GNU-tools-for-STM32/bin/../lib/gcc/arm-none-eabi/13.3.1/../../../../arm-none-eabi/lib/thumb/v7e-m+fp/hard\libc_nano.a(libc_a-closer.o) (errno)
C:/ST/STM32CubeCLT_1.19.0/GNU-tools-for-STM32/bin/../lib/gcc/arm-none-eabi/13.3.1/../../../../arm-none-eabi/lib/thumb/v7e-m+fp/hard\libc_nano.a(libc_a-impure.o)
                              C:/ST/STM32CubeCLT_1.19.0/GNU-tools-for-STM32/bin/../lib/gcc/arm-none-eabi/13.3.1/../../../../arm-none-eabi/lib/thumb/v7e-m+fp/hard\libc_nano.a(libc_a-reent.o) (_impure_ptr)
C:/ST/STM32CubeCLT_1.19.0/GNU-tools-for-STM32/bin/../lib/gcc/arm-none-eabi/13.3.1/../../../../arm-none-eabi/lib/thumb/v7e-m+fp/hard\libc_nano.a(libc_a-lseekr.o)
                              C:/ST/STM32CubeCLT_1.19.0/GNU-tools-for-STM32/bin/../lib/gcc/arm-none-eabi/13.3.1/../../../../arm-none-eabi/lib/thumb/v7e-m+fp/hard\libc_nano.a(libc_a-stdio.o) (_lseek_r)
C:/ST/STM32CubeCLT_1.19.0/GNU-tools-for-STM32/bin/../lib/gcc/arm-none-eabi/13.3.1/../../../../arm-none-eabi/lib/thumb/v7e-m+fp/hard\libc_nano.a(libc_a-readr.o)
                              C:/ST/STM32CubeCLT_1.19.0/GNU-tools-for-STM32/bin/../lib/gcc/arm-none-eabi/13.3.1/../../../../arm-none-eabi/lib/thumb/v7e-m+fp/hard\libc_nano.a(libc_a-stdio.o) (_read_r)
C:/ST/STM32CubeCLT_1.19.0/GNU-tools-for-STM32/bin/../lib/gcc/arm-none-eabi/13.3.1/../../../../arm-none-eabi/lib/thumb/v7e-m+fp/hard\libc_nano.a(libc_a-writer.o)
                              C:/ST/STM32CubeCLT_1.19.0/GNU-tools-for-STM32/bin/../lib/gcc/arm-none-eabi/13.3.1/../../../../arm-none-eabi/lib/thumb/v7e-m+fp/hard\libc_nano.a(libc_a-stdio.o) (_write_r)
C:/ST/STM32CubeCLT_1.19.0/GNU-tools-for-STM32/bin/../lib/gcc/arm-none-eabi/13.3.1/../../../../arm-none-eabi/lib/thumb/v7e-m+fp/hard\libc_nano.a(libc_a-init.o)
                              C:/ST/STM32CubeCLT_1.19.0/GNU-tools-for-STM32/bin/../lib/gcc/arm-none-eabi/13.3.1/../../../../arm-none-eabi/lib/thumb/v7e-m+fp/hard/crt0.o (__libc_init_array)
C:/ST/STM32CubeCLT_1.19.0/GNU-tools-for-STM32/bin/../lib/gcc/arm-none-eabi/13.3.1/../../../../arm-none-eabi/lib/thumb/v7e-m+fp/hard\libc_nano.a(libc_a-lock.o)
                              C:/ST/STM32CubeCLT_1.19.0/GNU-tools-for-STM32/bin/../lib/gcc/arm-none-eabi/13.3.1/../../../../arm-none-eabi/lib/thumb/v7e-m+fp/hard\libc_nano.a(libc_a-findfp.o) (__retarget_lock_init_recursive)
C:/ST/STM32CubeCLT_1.19.0/GNU-tools-for-STM32/bin/../lib/gcc/arm-none-eabi/13.3.1/../../../../arm-none-eabi/lib/thumb/v7e-m+fp/hard\libc_nano.a(libc_a-freer.o)
[...]
Memory Configuration

Name             Origin             Length             Attributes
RAM              0x20000000         0x00020000         xrw
FLASH            0x08000000         0x00080000         xr
*default*        0x00000000         0xffffffff

Linker script and memory map

LOAD C:/ST/STM32CubeCLT_1.19.0/GNU-tools-for-STM32/bin/../lib/gcc/arm-none-eabi/13.3.1/thumb/v7e-m+fp/hard/crti.o
LOAD C:/ST/STM32CubeCLT_1.19.0/GNU-tools-for-STM32/bin/../lib/gcc/arm-none-eabi/13.3.1/thumb/v7e-m+fp/hard/crtbegin.o
LOAD C:/ST/STM32CubeCLT_1.19.0/GNU-tools-for-STM32/bin/../lib/gcc/arm-none-eabi/13.3.1/../../../../arm-none-eabi/lib/thumb/v7e-m+fp/hard/crt0.o
START GROUP
LOAD C:/ST/STM32CubeCLT_1.19.0/GNU-tools-for-STM32/bin/../lib/gcc/arm-none-eabi/13.3.1/../../../../arm-none-eabi/lib/thumb/v7e-m+fp/hard\libc_nano.a
LOAD C:/ST/STM32CubeCLT_1.19.0/GNU-tools-for-STM32/bin/../lib/gcc/arm-none-eabi/13.3.1/../../../../arm-none-eabi/lib/thumb/v7e-m+fp/hard\libm.a
END GROUP
LOAD CMakeFiles/G4_sensor_node.dir/Core/Src/main.c.obj
LOAD CMakeFiles/G4_sensor_node.dir/Core/Src/gpio.c.obj
LOAD CMakeFiles/G4_sensor_node.dir/Core/Src/stm32g4xx_it.c.obj
LOAD CMakeFiles/G4_sensor_node.dir/Core/Src/stm32g4xx_hal_msp.c.obj
LOAD CMakeFiles/G4_sensor_node.dir/Drivers/STM32G4xx_HAL_Driver/Src/stm32g4xx_hal_tim.c.obj
LOAD CMakeFiles/G4_sensor_node.dir/Drivers/STM32G4xx_HAL_Driver/Src/stm32g4xx_hal_tim_ex.c.obj
LOAD CMakeFiles/G4_sensor_node.dir/Drivers/STM32G4xx_HAL_Driver/Src/stm32g4xx_hal_pwr_ex.c.obj
LOAD CMakeFiles/G4_sensor_node.dir/Drivers/STM32G4xx_HAL_Driver/Src/stm32g4xx_hal.c.obj
LOAD CMakeFiles/G4_sensor_node.dir/Drivers/STM32G4xx_HAL_Driver/Src/stm32g4xx_hal_rcc.c.obj
LOAD CMakeFiles/G4_sensor_node.dir/Drivers/STM32G4xx_HAL_Driver/Src/stm32g4xx_hal_rcc_ex.c.obj
LOAD CMakeFiles/G4_sensor_node.dir/Drivers/STM32G4xx_HAL_Driver/Src/stm32g4xx_hal_flash.c.obj
LOAD CMakeFiles/G4_sensor_node.dir/Drivers/STM32G4xx_HAL_Driver/Src/stm32g4xx_hal_flash_ex.c.obj
LOAD CMakeFiles/G4_sensor_node.dir/Drivers/STM32G4xx_HAL_Driver/Src/stm32g4xx_hal_flash_ramfunc.c.obj
LOAD CMakeFiles/G4_sensor_node.dir/Drivers/STM32G4xx_HAL_Driver/Src/stm32g4xx_hal_gpio.c.obj
LOAD CMakeFiles/G4_sensor_node.dir/Drivers/STM32G4xx_HAL_Driver/Src/stm32g4xx_hal_exti.c.obj
LOAD CMakeFiles/G4_sensor_node.dir/Drivers/STM32G4xx_HAL_Driver/Src/stm32g4xx_hal_dma.c.obj
LOAD CMakeFiles/G4_sensor_node.dir/Drivers/STM32G4xx_HAL_Driver/Src/stm32g4xx_hal_dma_ex.c.obj
LOAD CMakeFiles/G4_sensor_node.dir/Drivers/STM32G4xx_HAL_Driver/Src/stm32g4xx_hal_pwr.c.obj
LOAD CMakeFiles/G4_sensor_node.dir/Drivers/STM32G4xx_HAL_Driver/Src/stm32g4xx_hal_cortex.c.obj
LOAD CMakeFiles/G4_sensor_node.dir/Core/Src/system_stm32g4xx.c.obj
LOAD CMakeFiles/G4_sensor_node.dir/Core/Src/sysmem.c.obj
LOAD CMakeFiles/G4_sensor_node.dir/Core/Src/syscalls.c.obj
LOAD CMakeFiles/G4_sensor_node.dir/startup_stm32g474xx.s.obj
START GROUP
LOAD C:/ST/STM32CubeCLT_1.19.0/GNU-tools-for-STM32/bin/../lib/gcc/arm-none-eabi/13.3.1/thumb/v7e-m+fp/hard\libgcc.a
LOAD C:/ST/STM32CubeCLT_1.19.0/GNU-tools-for-STM32/bin/../lib/gcc/arm-none-eabi/13.3.1/../../../../arm-none-eabi/lib/thumb/v7e-m+fp/hard\libg_nano.a
LOAD C:/ST/STM32CubeCLT_1.19.0/GNU-tools-for-STM32/bin/../lib/gcc/arm-none-eabi/13.3.1/../../../../arm-none-eabi/lib/thumb/v7e-m+fp/hard\libc_nano.a
END GROUP
START GROUP
LOAD C:/ST/STM32CubeCLT_1.19.0/GNU-tools-for-STM32/bin/../lib/gcc/arm-none-eabi/13.3.1/thumb/v7e-m+fp/hard\libgcc.a
LOAD C:/ST/STM32CubeCLT_1.19.0/GNU-tools-for-STM32/bin/../lib/gcc/arm-none-eabi/13.3.1/../../../../arm-none-eabi/lib/thumb/v7e-m+fp/hard\libc_nano.a
END GROUP
LOAD C:/ST/STM32CubeCLT_1.19.0/GNU-tools-for-STM32/bin/../lib/gcc/arm-none-eabi/13.3.1/thumb/v7e-m+fp/hard/crtend.o
LOAD C:/ST/STM32CubeCLT_1.19.0/GNU-tools-for-STM32/bin/../lib/gcc/arm-none-eabi/13.3.1/thumb/v7e-m+fp/hard/crtn.o
                0x20020000                        _estack = (ORIGIN (RAM) + LENGTH (RAM))
                0x00000200                        _Min_Heap_Size = 0x200
                0x00000400                        _Min_Stack_Size = 0x400

.isr_vector     0x08000000      0x1d8
                0x08000000                        . = ALIGN (0x4)
 *(.isr_vector)
 .isr_vector    0x08000000      0x1d8 CMakeFiles/G4_sensor_node.dir/startup_stm32g474xx.s.obj
                0x08000000                g_pfnVectors
                0x080001d8                        . = ALIGN (0x4)

.text           0x080001d8     0x14fc
                0x080001d8                        . = ALIGN (0x4)
 *(.text)
 .text          0x080001d8       0x40 C:/ST/STM32CubeCLT_1.19.0/GNU-tools-for-STM32/bin/../lib/gcc/arm-none-eabi/13.3.1/thumb/v7e-m+fp/hard/crtbegin.o
 *(.text*)
 .text.memset   0x08000218       0x10 C:/ST/STM32CubeCLT_1.19.0/GNU-tools-for-STM32/bin/../lib/gcc/arm-none-eabi/13.3.1/../../../../arm-none-eabi/lib/thumb/v7e-m+fp/hard\libc_nano.a(libc_a-memset.o)
                0x08000218                memset
 .text.__libc_init_array
                0x08000228       0x48 C:/ST/STM32CubeCLT_1.19.0/GNU-tools-for-STM32/bin/../lib/gcc/arm-none-eabi/13.3.1/../../../../arm-none-eabi/lib/thumb/v7e-m+fp/hard\libc_nano.a(libc_a-init.o)
                0x08000228                __libc_init_array
 .text.main     0x08000270       0x2c CMakeFiles/G4_sensor_node.dir/Core/Src/main.c.obj
                0x08000270                main
 .text.SystemClock_Config
                0x0800029c       0x80 CMakeFiles/G4_sensor_node.dir/Core/Src/main.c.obj
                0x0800029c                SystemClock_Config
 .text.Error_Handler
                0x0800031c        0xc CMakeFiles/G4_sensor_node.dir/Core/Src/main.c.obj
                0x0800031c                Error_Handler
 .text.MX_GPIO_Init
                0x08000328       0xcc CMakeFiles/G4_sensor_node.dir/Core/Src/gpio.c.obj
                0x08000328                MX_GPIO_Init
 .text.NMI_Handler
                0x080003f4        0x8 CMakeFiles/G4_sensor_node.dir/Core/Src/stm32g4xx_it.c.obj
                0x080003f4                NMI_Handler
 .text.HardFault_Handler
                0x080003fc        0x8 CMakeFiles/G4_sensor_node.dir/Core/Src/stm32g4xx_it.c.obj
                0x080003fc                HardFault_Handler
 .text.MemManage_Handler
                0x08000404        0x8 CMakeFiles/G4_sensor_node.dir/Core/Src/stm32g4xx_it.c.obj
                0x08000404                MemManage_Handler
 .text.BusFault_Handler
                0x0800040c        0x8 CMakeFiles/G4_sensor_node.dir/Core/Src/stm32g4xx_it.c.obj
                0x0800040c                BusFault_Handler
 .text.UsageFault_Handler
                0x08000414        0x8 CMakeFiles/G4_sensor_node.dir/Core/Src/stm32g4xx_it.c.obj
                0x08000414                UsageFault_Handler
 .text.SVC_Handler
                0x0800041c        0xe CMakeFiles/G4_sensor_node.dir/Core/Src/stm32g4xx_it.c.obj
                0x0800041c                SVC_Handler
 .text.DebugMon_Handler
                0x0800042a        0xe CMakeFiles/G4_sensor_node.dir/Core/Src/stm32g4xx_it.c.obj
                0x0800042a                DebugMon_Handler
 .text.PendSV_Handler
                0x08000438        0xe CMakeFiles/G4_sensor_node.dir/Core/Src/stm32g4xx_it.c.obj
                0x08000438                PendSV_Handler
 .text.SysTick_Handler
                0x08000446        0xc CMakeFiles/G4_sensor_node.dir/Core/Src/stm32g4xx_it.c.obj
                0x08000446                SysTick_Handler
 *fill*         0x08000452        0x2 
 .text.HAL_MspInit
                0x08000454       0x48 CMakeFiles/G4_sensor_node.dir/Core/Src/stm32g4xx_hal_msp.c.obj
                0x08000454                HAL_MspInit
 .text.HAL_PWREx_ControlVoltageScaling
                0x0800049c      0x148 CMakeFiles/G4_sensor_node.dir/Drivers/STM32G4xx_HAL_Driver/Src/stm32g4xx_hal_pwr_ex.c.obj
                0x0800049c                HAL_PWREx_ControlVoltageScaling
 .text.HAL_PWREx_DisableUCPDDeadBattery
                0x080005e4       0x20 CMakeFiles/G4_sensor_node.dir/Drivers/STM32G4xx_HAL_Driver/Src/stm32g4xx_hal_pwr_ex.c.obj
                0x080005e4                HAL_PWREx_DisableUCPDDeadBattery
 .text.HAL_Init
                0x08000604       0x30 CMakeFiles/G4_sensor_node.dir/Drivers/STM32G4xx_HAL_Driver/Src/stm32g4xx_hal.c.obj
                0x08000604                HAL_Init
 .text.HAL_InitTick
                0x08000634       0x74 CMakeFiles/G4_sensor_node.dir/Drivers/STM32G4xx_HAL_Driver/Src/stm32g4xx_hal.c.obj
                0x08000634                HAL_InitTick
 .text.HAL_IncTick
                0x080006a8       0x24 CMakeFiles/G4_sensor_node.dir/Drivers/STM32G4xx_HAL_Driver/Src/stm32g4xx_hal.c.obj
                0x080006a8                HAL_IncTick
 .text.HAL_GetTick
                0x080006cc       0x18 CMakeFiles/G4_sensor_node.dir/Drivers/STM32G4xx_HAL_Driver/Src/stm32g4xx_hal.c.obj
                0x080006cc                HAL_GetTick
 .text.HAL_Delay
                0x080006e4       0x44 CMakeFiles/G4_sensor_node.dir/Drivers/STM32G4xx_HAL_Driver/Src/stm32g4xx_hal.c.obj
                0x080006e4                HAL_Delay
 .text.HAL_RCC_OscConfig
                0x08000728      0x624 CMakeFiles/G4_sensor_node.dir/Drivers/STM32G4xx_HAL_Driver/Src/stm32g4xx_hal_rcc.c.obj
                0x08000728                HAL_RCC_OscConfig
 .text.HAL_RCC_ClockConfig
                0x08000d4c      0x278 CMakeFiles/G4_sensor_node.dir/Drivers/STM32G4xx_HAL_Driver/Src/stm32g4xx_hal_rcc.c.obj
                0x08000d4c                HAL_RCC_ClockConfig
 .text.HAL_RCC_GetSysClockFreq
                0x08000fc4       0xc4 CMakeFiles/G4_sensor_node.dir/Drivers/STM32G4xx_HAL_Driver/Src/stm32g4xx_hal_rcc.c.obj
                0x08000fc4                HAL_RCC_GetSysClockFreq
 .text.RCC_GetSysClockFreqFromPLLSource
                0x08001088       0x8c CMakeFiles/G4_sensor_node.dir/Drivers/STM32G4xx_HAL_Driver/Src/stm32g4xx_hal_rcc.c.obj
 .text.HAL_GPIO_Init
                0x08001114      0x304 CMakeFiles/G4_sensor_node.dir/Drivers/STM32G4xx_HAL_Driver/Src/stm32g4xx_hal_gpio.c.obj
                0x08001114                HAL_GPIO_Init
 .text.HAL_GPIO_WritePin
                0x08001418       0x30 CMakeFiles/G4_sensor_node.dir/Drivers/STM32G4xx_HAL_Driver/Src/stm32g4xx_hal_gpio.c.obj
                0x08001418                HAL_GPIO_WritePin
 .text.HAL_GPIO_TogglePin
                0x08001448       0x34 CMakeFiles/G4_sensor_node.dir/Drivers/STM32G4xx_HAL_Driver/Src/stm32g4xx_hal_gpio.c.obj
                0x08001448                HAL_GPIO_TogglePin
 .text.__NVIC_SetPriorityGrouping
                0x0800147c       0x48 CMakeFiles/G4_sensor_node.dir/Drivers/STM32G4xx_HAL_Driver/Src/stm32g4xx_hal_cortex.c.obj
 .text.__NVIC_GetPriorityGrouping
                0x080014c4       0x1c CMakeFiles/G4_sensor_node.dir/Drivers/STM32G4xx_HAL_Driver/Src/stm32g4xx_hal_cortex.c.obj
 .text.__NVIC_SetPriority
                0x080014e0       0x54 CMakeFiles/G4_sensor_node.dir/Drivers/STM32G4xx_HAL_Driver/Src/stm32g4xx_hal_cortex.c.obj
 .text.NVIC_EncodePriority
                0x08001534       0x66 CMakeFiles/G4_sensor_node.dir/Drivers/STM32G4xx_HAL_Driver/Src/stm32g4xx_hal_cortex.c.obj
 *fill*         0x0800159a        0x2 
 .text.SysTick_Config
                0x0800159c       0x44 CMakeFiles/G4_sensor_node.dir/Drivers/STM32G4xx_HAL_Driver/Src/stm32g4xx_hal_cortex.c.obj
 .text.HAL_NVIC_SetPriorityGrouping
                0x080015e0       0x16 CMakeFiles/G4_sensor_node.dir/Drivers/STM32G4xx_HAL_Driver/Src/stm32g4xx_hal_cortex.c.obj
                0x080015e0                HAL_NVIC_SetPriorityGrouping
 .text.HAL_NVIC_SetPriority
                0x080015f6       0x34 CMakeFiles/G4_sensor_node.dir/Drivers/STM32G4xx_HAL_Driver/Src/stm32g4xx_hal_cortex.c.obj
                0x080015f6                HAL_NVIC_SetPriority
 .text.HAL_SYSTICK_Config
                0x0800162a       0x18 CMakeFiles/G4_sensor_node.dir/Drivers/STM32G4xx_HAL_Driver/Src/stm32g4xx_hal_cortex.c.obj
                0x0800162a                HAL_SYSTICK_Config
 *fill*         0x08001642        0x2 
 .text.SystemInit
                0x08001644       0x24 CMakeFiles/G4_sensor_node.dir/Core/Src/system_stm32g4xx.c.obj
                0x08001644                SystemInit
 .text.Reset_Handler
                0x08001668       0x50 CMakeFiles/G4_sensor_node.dir/startup_stm32g474xx.s.obj
                0x08001668                Reset_Handler
 .text.Default_Handler
                0x080016b8        0x2 CMakeFiles/G4_sensor_node.dir/startup_stm32g474xx.s.obj
                0x080016b8                RTC_Alarm_IRQHandler
                0x080016b8                EXTI2_IRQHandler
                0x080016b8                TIM8_TRG_COM_IRQHandler
                0x080016b8                TIM8_CC_IRQHandler
                0x080016b8                HRTIM1_Master_IRQHandler
                0x080016b8                SPI4_IRQHandler
                0x080016b8                FDCAN3_IT0_IRQHandler
                0x080016b8                TIM1_CC_IRQHandler
                0x080016b8                HRTIM1_FLT_IRQHandler
                0x080016b8                HRTIM1_TIMF_IRQHandler
                0x080016b8                USB_HP_IRQHandler
                0x080016b8                CORDIC_IRQHandler
                0x080016b8                HRTIM1_TIMD_IRQHandler
                0x080016b8                DMA2_Channel8_IRQHandler
                0x080016b8                EXTI3_IRQHandler
                0x080016b8                I2C3_ER_IRQHandler
                0x080016b8                EXTI0_IRQHandler
                0x080016b8                I2C2_EV_IRQHandler
                0x080016b8                FPU_IRQHandler
                0x080016b8                FDCAN1_IT1_IRQHandler
                0x080016b8                TIM1_UP_TIM16_IRQHandler
                0x080016b8                ADC1_2_IRQHandler
                0x080016b8                HRTIM1_TIME_IRQHandler
                0x080016b8                SPI1_IRQHandler
                0x080016b8                TIM6_DAC_IRQHandler
                0x080016b8                HRTIM1_TIMC_IRQHandler
                0x080016b8                TIM8_UP_IRQHandler
                0x080016b8                DMA2_Channel2_IRQHandler
                0x080016b8                DMA1_Channel4_IRQHandler
                0x080016b8                TIM20_TRG_COM_IRQHandler
                0x080016b8                USART3_IRQHandler
                0x080016b8                DMA1_Channel7_IRQHandler
                0x080016b8                UART5_IRQHandler
                0x080016b8                ADC3_IRQHandler
                0x080016b8                TIM4_IRQHandler
                0x080016b8                DMA2_Channel1_IRQHandler
                0x080016b8                QUADSPI_IRQHandler
                0x080016b8                I2C1_EV_IRQHandler
                0x080016b8                DMA1_Channel6_IRQHandler
                0x080016b8                UART4_IRQHandler
                0x080016b8                DMA2_Channel4_IRQHandler
                0x080016b8                TIM3_IRQHandler
                0x080016b8                RCC_IRQHandler
                0x080016b8                TIM20_UP_IRQHandler
                0x080016b8                DMA1_Channel1_IRQHandler
                0x080016b8                Default_Handler
                0x080016b8                DMA2_Channel7_IRQHandler
                0x080016b8                RTC_TAMP_LSECSS_IRQHandler
                0x080016b8                FMAC_IRQHandler
                0x080016b8                EXTI15_10_IRQHandler
                0x080016b8                DMA1_Channel8_IRQHandler
                0x080016b8                HRTIM1_TIMA_IRQHandler
                0x080016b8                TIM7_DAC_IRQHandler
                0x080016b8                FDCAN3_IT1_IRQHandler
                0x080016b8                TIM5_IRQHandler
                0x080016b8                UCPD1_IRQHandler
                0x080016b8                I2C3_EV_IRQHandler
                0x080016b8                EXTI9_5_IRQHandler
                0x080016b8                RTC_WKUP_IRQHandler
                0x080016b8                PVD_PVM_IRQHandler
                0x080016b8                SPI2_IRQHandler
                0x080016b8                ADC5_IRQHandler
                0x080016b8                DMA2_Channel5_IRQHandler
                0x080016b8                CRS_IRQHandler
                0x080016b8                DMA1_Channel5_IRQHandler
                0x080016b8                USB_LP_IRQHandler
                0x080016b8                EXTI4_IRQHandler
                0x080016b8                RNG_IRQHandler
                0x080016b8                HRTIM1_TIMB_IRQHandler
                0x080016b8                TIM1_TRG_COM_TIM17_IRQHandler
                0x080016b8                FDCAN2_IT1_IRQHandler
                0x080016b8                DMA1_Channel3_IRQHandler
                0x080016b8                ADC4_IRQHandler
                0x080016b8                WWDG_IRQHandler
                0x080016b8                I2C4_EV_IRQHandler
                0x080016b8                FDCAN2_IT0_IRQHandler
                0x080016b8                LPUART1_IRQHandler
                0x080016b8                DMA2_Channel6_IRQHandler
                0x080016b8                FDCAN1_IT0_IRQHandler
                0x080016b8                TIM2_IRQHandler
                0x080016b8                COMP7_IRQHandler
                0x080016b8                COMP1_2_3_IRQHandler
                0x080016b8                EXTI1_IRQHandler
                0x080016b8                USART2_IRQHandler
                0x080016b8                COMP4_5_6_IRQHandler
                0x080016b8                TIM20_BRK_IRQHandler
                0x080016b8                I2C2_ER_IRQHandler
                0x080016b8                DMA1_Channel2_IRQHandler
                0x080016b8                TIM8_BRK_IRQHandler
                0x080016b8                FLASH_IRQHandler
                0x080016b8                TIM20_CC_IRQHandler
                0x080016b8                USART1_IRQHandler
                0x080016b8                SPI3_IRQHandler
                0x080016b8                I2C1_ER_IRQHandler
                0x080016b8                FMC_IRQHandler
                0x080016b8                LPTIM1_IRQHandler
                0x080016b8                DMAMUX_OVR_IRQHandler
                0x080016b8                I2C4_ER_IRQHandler
                0x080016b8                USBWakeUp_IRQHandler
                0x080016b8                SAI1_IRQHandler
                0x080016b8                DMA2_Channel3_IRQHandler
                0x080016b8                TIM1_BRK_TIM15_IRQHandler
 *(.glue_7)
 .glue_7        0x080016ba        0x0 linker stubs
 *(.glue_7t)
 .glue_7t       0x080016ba        0x0 linker stubs
 *(.eh_frame)
 *fill*         0x080016ba        0x2 
 .eh_frame      0x080016bc        0x0 C:/ST/STM32CubeCLT_1.19.0/GNU-tools-for-STM32/bin/../lib/gcc/arm-none-eabi/13.3.1/thumb/v7e-m+fp/hard/crtbegin.o
 *(.init)
 .init          0x080016bc        0x4 C:/ST/STM32CubeCLT_1.19.0/GNU-tools-for-STM32/bin/../lib/gcc/arm-none-eabi/13.3.1/thumb/v7e-m+fp/hard/crti.o
                0x080016bc                _init
 .init          0x080016c0        0x8 C:/ST/STM32CubeCLT_1.19.0/GNU-tools-for-STM32/bin/../lib/gcc/arm-none-eabi/13.3.1/thumb/v7e-m+fp/hard/crtn.o
 *(.fini)
 .fini          0x080016c8        0x4 C:/ST/STM32CubeCLT_1.19.0/GNU-tools-for-STM32/bin/../lib/gcc/arm-none-eabi/13.3.1/thumb/v7e-m+fp/hard/crti.o
                0x080016c8                _fini
 .fini          0x080016cc        0x8 C:/ST/STM32CubeCLT_1.19.0/GNU-tools-for-STM32/bin/../lib/gcc/arm-none-eabi/13.3.1/thumb/v7e-m+fp/hard/crtn.o
                0x080016d4                        . = ALIGN (0x4)
                0x080016d4                        _etext = .

.vfp11_veneer   0x080016d4        0x0
 .vfp11_veneer  0x080016d4        0x0 linker stubs

.v4_bx          0x080016d4        0x0
 .v4_bx         0x080016d4        0x0 linker stubs

.iplt           0x080016d4        0x0
 .iplt          0x080016d4        0x0 C:/ST/STM32CubeCLT_1.19.0/GNU-tools-for-STM32/bin/../lib/gcc/arm-none-eabi/13.3.1/thumb/v7e-m+fp/hard/crtbegin.o

.rodata         0x080016d4       0x10
                0x080016d4                        . = ALIGN (0x4)
 *(.rodata)
 *(.rodata*)
 .rodata.AHBPrescTable
                0x080016d4       0x10 CMakeFiles/G4_sensor_node.dir/Core/Src/system_stm32g4xx.c.obj
                0x080016d4                AHBPrescTable
                0x080016e4                        . = ALIGN (0x4)

.rel.dyn        0x080016e4        0x0
 .rel.iplt      0x080016e4        0x0 C:/ST/STM32CubeCLT_1.19.0/GNU-tools-for-STM32/bin/../lib/gcc/arm-none-eabi/13.3.1/thumb/v7e-m+fp/hard/crtbegin.o

.ARM.extab
 *(.ARM.extab* .gnu.linkonce.armextab.*)

.ARM            0x080016e4        0x0
                0x080016e4                        __exidx_start = .
 *(.ARM.exidx*)
                0x080016e4                        __exidx_end = .

.preinit_array  0x080016e4        0x0
                0x080016e4                        PROVIDE (__preinit_array_start = .)
 *(.preinit_array*)
                0x080016e4                        PROVIDE (__preinit_array_end = .)

.init_array     0x080016e4        0x4
                0x080016e4                        PROVIDE (__init_array_start = .)
 *(SORT_BY_NAME(.init_array.*))
 *(.init_array*)
 .init_array    0x080016e4        0x4 C:/ST/STM32CubeCLT_1.19.0/GNU-tools-for-STM32/bin/../lib/gcc/arm-none-eabi/13.3.1/thumb/v7e-m+fp/hard/crtbegin.o
                0x080016e8                        PROVIDE (__init_array_end = .)

.fini_array     0x080016e8        0x4
                [!provide]                        PROVIDE (__fini_array_start = .)
 *(SORT_BY_NAME(.fini_array.*))
 *(.fini_array*)
 .fini_array    0x080016e8        0x4 C:/ST/STM32CubeCLT_1.19.0/GNU-tools-for-STM32/bin/../lib/gcc/arm-none-eabi/13.3.1/thumb/v7e-m+fp/hard/crtbegin.o
                [!provide]                        PROVIDE (__fini_array_end = .)
                0x080016ec                        _sidata = LOADADDR (.data)

.data           0x080016ec        0xc
                0x080016ec                        . = ALIGN (0x4)
                0x080016ec                        _sdata = .
 *(.data)
 *(.data*)
 .data.uwTickPrio
                0x080016ec        0x4 CMakeFiles/G4_sensor_node.dir/Drivers/STM32G4xx_HAL_Driver/Src/stm32g4xx_hal.c.obj
                0x080016ec                uwTickPrio
 .data.uwTickFreq
                0x080016f0        0x4 CMakeFiles/G4_sensor_node.dir/Drivers/STM32G4xx_HAL_Driver/Src/stm32g4xx_hal.c.obj
                0x080016f0                uwTickFreq
 .data.SystemCoreClock
                0x080016f4        0x4 CMakeFiles/G4_sensor_node.dir/Core/Src/system_stm32g4xx.c.obj
                0x080016f4                SystemCoreClock
                0x080016f8                        . = ALIGN (0x4)
                0x080016f8                        _edata = .

.igot.plt       0x080016f8        0x0
 .igot.plt      0x080016f8        0x0 C:/ST/STM32CubeCLT_1.19.0/GNU-tools-for-STM32/bin/../lib/gcc/arm-none-eabi/13.3.1/thumb/v7e-m+fp/hard/crtbegin.o
                0x080016f8                        . = ALIGN (0x4)

.bss            0x20000000       0x20
                0x20000000                        _sbss = .
                0x20000000                        __bss_start__ = _sbss
 *(.bss)
 .bss           0x20000000       0x1c C:/ST/STM32CubeCLT_1.19.0/GNU-tools-for-STM32/bin/../lib/gcc/arm-none-eabi/13.3.1/thumb/v7e-m+fp/hard/crtbegin.o
 *(.bss*)
 .bss.uwTick    0x2000001c        0x4 CMakeFiles/G4_sensor_node.dir/Drivers/STM32G4xx_HAL_Driver/Src/stm32g4xx_hal.c.obj
                0x2000001c                uwTick
 *(COMMON)
                0x20000020                        . = ALIGN (0x4)
                0x20000020                        _ebss = .
                0x20000020                        __bss_end__ = _ebss

._user_heap_stack
                0x20000020      0x600
                0x20000020                        . = ALIGN (0x8)
                [!provide]                        PROVIDE (end = .)
                0x20000020                        PROVIDE (_end = .)
                0x20000220                        . = (. + _Min_Heap_Size)
 *fill*         0x20000020      0x200 
                0x20000620                        . = (. + _Min_Stack_Size)
 *fill*         0x20000220      0x400 
                0x20000620                        . = ALIGN (0x8)

/DISCARD/
 libc.a(*)
 libm.a(*)
 libgcc.a(*)
OUTPUT(G4_sensor_node.elf elf32-littlearm)
LOAD linker stubs
LOAD C:/ST/STM32CubeCLT_1.19.0/GNU-tools-for-STM32/bin/../lib/gcc/arm-none-eabi/13.3.1/../../../../arm-none-eabi/lib/thumb/v7e-m+fp/hard\libc.a
LOAD C:/ST/STM32CubeCLT_1.19.0/GNU-tools-for-STM32/bin/../lib/gcc/arm-none-eabi/13.3.1/../../../../arm-none-eabi/lib/thumb/v7e-m+fp/hard\libm.a
LOAD C:/ST/STM32CubeCLT_1.19.0/GNU-tools-for-STM32/bin/../lib/gcc/arm-none-eabi/13.3.1/thumb/v7e-m+fp/hard\libgcc.a

.ARM.attributes
                0x00000000       0x30
 .ARM.attributes
                0x00000000       0x22 C:/ST/STM32CubeCLT_1.19.0/GNU-tools-for-STM32/bin/../lib/gcc/arm-none-eabi/13.3.1/thumb/v7e-m+fp/hard/crti.o
 .ARM.attributes
                0x00000022       0x34 C:/ST/STM32CubeCLT_1.19.0/GNU-tools-for-STM32/bin/../lib/gcc/arm-none-eabi/13.3.1/thumb/v7e-m+fp/hard/crtbegin.o
 .ARM.attributes
                0x00000056       0x34 C:/ST/STM32CubeCLT_1.19.0/GNU-tools-for-STM32/bin/../lib/gcc/arm-none-eabi/13.3.1/../../../../arm-none-eabi/lib/thumb/v7e-m+fp/hard\libc_nano.a(libc_a-memset.o)
 .ARM.attributes
                0x0000008a       0x34 C:/ST/STM32CubeCLT_1.19.0/GNU-tools-for-STM32/bin/../lib/gcc/arm-none-eabi/13.3.1/../../../../arm-none-eabi/lib/thumb/v7e-m+fp/hard\libc_nano.a(libc_a-init.o)
 .ARM.attributes
                0x000000be       0x34 CMakeFiles/G4_sensor_node.dir/Core/Src/main.c.obj
 .ARM.attributes
                0x000000f2       0x34 CMakeFiles/G4_sensor_node.dir/Core/Src/gpio.c.obj
 .ARM.attributes
                0x00000126       0x34 CMakeFiles/G4_sensor_node.dir/Core/Src/stm32g4xx_it.c.obj
 .ARM.attributes
                0x0000015a       0x34 CMakeFiles/G4_sensor_node.dir/Core/Src/stm32g4xx_hal_msp.c.obj
 .ARM.attributes
                0x0000018e       0x34 CMakeFiles/G4_sensor_node.dir/Drivers/STM32G4xx_HAL_Driver/Src/stm32g4xx_hal_pwr_ex.c.obj
 .ARM.attributes
                0x000001c2       0x34 CMakeFiles/G4_sensor_node.dir/Drivers/STM32G4xx_HAL_Driver/Src/stm32g4xx_hal.c.obj
 .ARM.attributes
                0x000001f6       0x34 CMakeFiles/G4_sensor_node.dir/Drivers/STM32G4xx_HAL_Driver/Src/stm32g4xx_hal_rcc.c.obj
 .ARM.attributes
                0x0000022a       0x34 CMakeFiles/G4_sensor_node.dir/Drivers/STM32G4xx_HAL_Driver/Src/stm32g4xx_hal_gpio.c.obj
 .ARM.attributes
                0x0000025e       0x34 CMakeFiles/G4_sensor_node.dir/Drivers/STM32G4xx_HAL_Driver/Src/stm32g4xx_hal_cortex.c.obj
 .ARM.attributes
                0x00000292       0x34 CMakeFiles/G4_sensor_node.dir/Core/Src/system_stm32g4xx.c.obj
 .ARM.attributes
                0x000002c6       0x21 CMakeFiles/G4_sensor_node.dir/startup_stm32g474xx.s.obj
 .ARM.attributes
                0x000002e7       0x22 C:/ST/STM32CubeCLT_1.19.0/GNU-tools-for-STM32/bin/../lib/gcc/arm-none-eabi/13.3.1/thumb/v7e-m+fp/hard/crtn.o

.comment        0x00000000       0x43
 .comment       0x00000000       0x43 CMakeFiles/G4_sensor_node.dir/Core/Src/main.c.obj
                                 0x44 (size before relaxing)
 .comment       0x00000043       0x44 CMakeFiles/G4_sensor_node.dir/Core/Src/gpio.c.obj
 .comment       0x00000043       0x44 CMakeFiles/G4_sensor_node.dir/Core/Src/stm32g4xx_it.c.obj
 .comment       0x00000043       0x44 CMakeFiles/G4_sensor_node.dir/Core/Src/stm32g4xx_hal_msp.c.obj
 .comment       0x00000043       0x44 CMakeFiles/G4_sensor_node.dir/Drivers/STM32G4xx_HAL_Driver/Src/stm32g4xx_hal_pwr_ex.c.obj
 .comment       0x00000043       0x44 CMakeFiles/G4_sensor_node.dir/Drivers/STM32G4xx_HAL_Driver/Src/stm32g4xx_hal.c.obj
 .comment       0x00000043       0x44 CMakeFiles/G4_sensor_node.dir/Drivers/STM32G4xx_HAL_Driver/Src/stm32g4xx_hal_rcc.c.obj
 .comment       0x00000043       0x44 CMakeFiles/G4_sensor_node.dir/Drivers/STM32G4xx_HAL_Driver/Src/stm32g4xx_hal_gpio.c.obj
 .comment       0x00000043       0x44 CMakeFiles/G4_sensor_node.dir/Drivers/STM32G4xx_HAL_Driver/Src/stm32g4xx_hal_cortex.c.obj
 .comment       0x00000043       0x44 CMakeFiles/G4_sensor_node.dir/Core/Src/system_stm32g4xx.c.obj

.debug_frame    0x00000000     0x14e4
 .debug_frame   0x00000000       0x20 C:/ST/STM32CubeCLT_1.19.0/GNU-tools-for-STM32/bin/../lib/gcc/arm-none-eabi/13.3.1/../../../../arm-none-eabi/lib/thumb/v7e-m+fp/hard\libc_nano.a(libc_a-memset.o)
 .debug_frame   0x00000020       0x2c C:/ST/STM32CubeCLT_1.19.0/GNU-tools-for-STM32/bin/../lib/gcc/arm-none-eabi/13.3.1/../../../../arm-none-eabi/lib/thumb/v7e-m+fp/hard\libc_nano.a(libc_a-init.o)
 .debug_frame   0x0000004c       0x68 CMakeFiles/G4_sensor_node.dir/Core/Src/main.c.obj
 .debug_frame   0x000000b4       0x34 CMakeFiles/G4_sensor_node.dir/Core/Src/gpio.c.obj
 .debug_frame   0x000000e8      0x104 CMakeFiles/G4_sensor_node.dir/Core/Src/stm32g4xx_it.c.obj
 .debug_frame   0x000001ec       0x34 CMakeFiles/G4_sensor_node.dir/Core/Src/stm32g4xx_hal_msp.c.obj
 .debug_frame   0x00000220      0x4fc CMakeFiles/G4_sensor_node.dir/Drivers/STM32G4xx_HAL_Driver/Src/stm32g4xx_hal_pwr_ex.c.obj
 .debug_frame   0x0000071c      0x500 CMakeFiles/G4_sensor_node.dir/Drivers/STM32G4xx_HAL_Driver/Src/stm32g4xx_hal.c.obj
 .debug_frame   0x00000c1c      0x23c CMakeFiles/G4_sensor_node.dir/Drivers/STM32G4xx_HAL_Driver/Src/stm32g4xx_hal_rcc.c.obj
 .debug_frame   0x00000e58      0x14c CMakeFiles/G4_sensor_node.dir/Drivers/STM32G4xx_HAL_Driver/Src/stm32g4xx_hal_gpio.c.obj
 .debug_frame   0x00000fa4      0x4e8 CMakeFiles/G4_sensor_node.dir/Drivers/STM32G4xx_HAL_Driver/Src/stm32g4xx_hal_cortex.c.obj
 .debug_frame   0x0000148c       0x58 CMakeFiles/G4_sensor_node.dir/Core/Src/system_stm32g4xx.c.obj

.debug_info     0x00000000     0x47af
 .debug_info    0x00000000      0x3ad CMakeFiles/G4_sensor_node.dir/Core/Src/main.c.obj
 .debug_info    0x000003ad      0x447 CMakeFiles/G4_sensor_node.dir/Core/Src/gpio.c.obj
 .debug_info    0x000007f4      0x113 CMakeFiles/G4_sensor_node.dir/Core/Src/stm32g4xx_it.c.obj
 .debug_info    0x00000907      0x2da CMakeFiles/G4_sensor_node.dir/Core/Src/stm32g4xx_hal_msp.c.obj
 .debug_info    0x00000be1      0x93f CMakeFiles/G4_sensor_node.dir/Drivers/STM32G4xx_HAL_Driver/Src/stm32g4xx_hal_pwr_ex.c.obj
 .debug_info    0x00001520      0xb95 CMakeFiles/G4_sensor_node.dir/Drivers/STM32G4xx_HAL_Driver/Src/stm32g4xx_hal.c.obj
 .debug_info    0x000020b5      0xbe0 CMakeFiles/G4_sensor_node.dir/Drivers/STM32G4xx_HAL_Driver/Src/stm32g4xx_hal_rcc.c.obj
 .debug_info    0x00002c95      0x763 CMakeFiles/G4_sensor_node.dir/Drivers/STM32G4xx_HAL_Driver/Src/stm32g4xx_hal_gpio.c.obj
 .debug_info    0x000033f8      0xdf9 CMakeFiles/G4_sensor_node.dir/Drivers/STM32G4xx_HAL_Driver/Src/stm32g4xx_hal_cortex.c.obj
 .debug_info    0x000041f1      0x58e CMakeFiles/G4_sensor_node.dir/Core/Src/system_stm32g4xx.c.obj
 .debug_info    0x0000477f       0x30 CMakeFiles/G4_sensor_node.dir/startup_stm32g474xx.s.obj

.debug_abbrev   0x00000000     0x11fe
 .debug_abbrev  0x00000000      0x1d5 CMakeFiles/G4_sensor_node.dir/Core/Src/main.c.obj
 .debug_abbrev  0x000001d5      0x152 CMakeFiles/G4_sensor_node.dir/Core/Src/gpio.c.obj
 .debug_abbrev  0x00000327       0x73 CMakeFiles/G4_sensor_node.dir/Core/Src/stm32g4xx_it.c.obj
 .debug_abbrev  0x0000039a       0xd9 CMakeFiles/G4_sensor_node.dir/Core/Src/stm32g4xx_hal_msp.c.obj
 .debug_abbrev  0x00000473      0x22c CMakeFiles/G4_sensor_node.dir/Drivers/STM32G4xx_HAL_Driver/Src/stm32g4xx_hal_pwr_ex.c.obj
 .debug_abbrev  0x0000069f      0x271 CMakeFiles/G4_sensor_node.dir/Drivers/STM32G4xx_HAL_Driver/Src/stm32g4xx_hal.c.obj
 .debug_abbrev  0x00000910      0x2c9 CMakeFiles/G4_sensor_node.dir/Drivers/STM32G4xx_HAL_Driver/Src/stm32g4xx_hal_rcc.c.obj
 .debug_abbrev  0x00000bd9      0x1cb CMakeFiles/G4_sensor_node.dir/Drivers/STM32G4xx_HAL_Driver/Src/stm32g4xx_hal_gpio.c.obj
 .debug_abbrev  0x00000da4      0x31c CMakeFiles/G4_sensor_node.dir/Drivers/STM32G4xx_HAL_Driver/Src/stm32g4xx_hal_cortex.c.obj
 .debug_abbrev  0x000010c0      0x11a CMakeFiles/G4_sensor_node.dir/Core/Src/system_stm32g4xx.c.obj
 .debug_abbrev  0x000011da       0x24 CMakeFiles/G4_sensor_node.dir/startup_stm32g474xx.s.obj

.debug_aranges  0x00000000      0x5c0
 .debug_aranges
                0x00000000       0x30 CMakeFiles/G4_sensor_node.dir/Core/Src/main.c.obj
 .debug_aranges
                0x00000030       0x20 CMakeFiles/G4_sensor_node.dir/Core/Src/gpio.c.obj
 .debug_aranges
                0x00000050       0x60 CMakeFiles/G4_sensor_node.dir/Core/Src/stm32g4xx_it.c.obj
 .debug_aranges
                0x000000b0       0x20 CMakeFiles/G4_sensor_node.dir/Core/Src/stm32g4xx_hal_msp.c.obj
 .debug_aranges
                0x000000d0      0x140 CMakeFiles/G4_sensor_node.dir/Drivers/STM32G4xx_HAL_Driver/Src/stm32g4xx_hal_pwr_ex.c.obj
 .debug_aranges
                0x00000210      0x148 CMakeFiles/G4_sensor_node.dir/Drivers/STM32G4xx_HAL_Driver/Src/stm32g4xx_hal.c.obj
 .debug_aranges
                0x00000358       0x98 CMakeFiles/G4_sensor_node.dir/Drivers/STM32G4xx_HAL_Driver/Src/stm32g4xx_hal_rcc.c.obj
 .debug_aranges
                0x000003f0       0x58 CMakeFiles/G4_sensor_node.dir/Drivers/STM32G4xx_HAL_Driver/Src/stm32g4xx_hal_gpio.c.obj
 .debug_aranges
                0x00000448      0x128 CMakeFiles/G4_sensor_node.dir/Drivers/STM32G4xx_HAL_Driver/Src/stm32g4xx_hal_cortex.c.obj
 .debug_aranges
                0x00000570       0x28 CMakeFiles/G4_sensor_node.dir/Core/Src/system_stm32g4xx.c.obj
 .debug_aranges
                0x00000598       0x28 CMakeFiles/G4_sensor_node.dir/startup_stm32g474xx.s.obj

.debug_rnglists
                0x00000000      0x42c
 .debug_rnglists
                0x00000000       0x20 CMakeFiles/G4_sensor_node.dir/Core/Src/main.c.obj
 .debug_rnglists
                0x00000020       0x14 CMakeFiles/G4_sensor_node.dir/Core/Src/gpio.c.obj
 .debug_rnglists
                0x00000034       0x43 CMakeFiles/G4_sensor_node.dir/Core/Src/stm32g4xx_it.c.obj
 .debug_rnglists
                0x00000077       0x13 CMakeFiles/G4_sensor_node.dir/Core/Src/stm32g4xx_hal_msp.c.obj
 .debug_rnglists
                0x0000008a       0xf1 CMakeFiles/G4_sensor_node.dir/Drivers/STM32G4xx_HAL_Driver/Src/stm32g4xx_hal_pwr_ex.c.obj
 .debug_rnglists
                0x0000017b       0xf1 CMakeFiles/G4_sensor_node.dir/Drivers/STM32G4xx_HAL_Driver/Src/stm32g4xx_hal.c.obj
 .debug_rnglists
                0x0000026c       0x74 CMakeFiles/G4_sensor_node.dir/Drivers/STM32G4xx_HAL_Driver/Src/stm32g4xx_hal_rcc.c.obj
 .debug_rnglists
                0x000002e0       0x3f CMakeFiles/G4_sensor_node.dir/Drivers/STM32G4xx_HAL_Driver/Src/stm32g4xx_hal_gpio.c.obj
 .debug_rnglists
                0x0000031f       0xda CMakeFiles/G4_sensor_node.dir/Drivers/STM32G4xx_HAL_Driver/Src/stm32g4xx_hal_cortex.c.obj
 .debug_rnglists
                0x000003f9       0x1a CMakeFiles/G4_sensor_node.dir/Core/Src/system_stm32g4xx.c.obj
 .debug_rnglists
                0x00000413       0x19 CMakeFiles/G4_sensor_node.dir/startup_stm32g474xx.s.obj

.debug_macro    0x00000000    0x2336d
 .debug_macro   0x00000000      0x1c3 CMakeFiles/G4_sensor_node.dir/Core/Src/main.c.obj
 .debug_macro   0x000001c3      0xad8 CMakeFiles/G4_sensor_node.dir/Core/Src/main.c.obj
 .debug_macro   0x00000c9b      0x14f CMakeFiles/G4_sensor_node.dir/Core/Src/main.c.obj
 .debug_macro   0x00000dea       0x2e CMakeFiles/G4_sensor_node.dir/Core/Src/main.c.obj
 .debug_macro   0x00000e18       0x28 CMakeFiles/G4_sensor_node.dir/Core/Src/main.c.obj
 .debug_macro   0x00000e40       0x22 CMakeFiles/G4_sensor_node.dir/Core/Src/main.c.obj
 .debug_macro   0x00000e62       0x8e CMakeFiles/G4_sensor_node.dir/Core/Src/main.c.obj
 .debug_macro   0x00000ef0       0x51 CMakeFiles/G4_sensor_node.dir/Core/Src/main.c.obj
 .debug_macro   0x00000f41      0x103 CMakeFiles/G4_sensor_node.dir/Core/Src/main.c.obj
 .debug_macro   0x00001044       0x6a CMakeFiles/G4_sensor_node.dir/Core/Src/main.c.obj
 .debug_macro   0x000010ae      0x1df CMakeFiles/G4_sensor_node.dir/Core/Src/main.c.obj
 .debug_macro   0x0000128d       0x1c CMakeFiles/G4_sensor_node.dir/Core/Src/main.c.obj
 .debug_macro   0x000012a9       0x22 CMakeFiles/G4_sensor_node.dir/Core/Src/main.c.obj
 .debug_macro   0x000012cb       0xfb CMakeFiles/G4_sensor_node.dir/Core/Src/main.c.obj
 .debug_macro   0x000013c6     0x1011 CMakeFiles/G4_sensor_node.dir/Core/Src/main.c.obj
 .debug_macro   0x000023d7      0x11f CMakeFiles/G4_sensor_node.dir/Core/Src/main.c.obj
 .debug_macro   0x000024f6    0x18b8c CMakeFiles/G4_sensor_node.dir/Core/Src/main.c.obj
 .debug_macro   0x0001b082       0x6d CMakeFiles/G4_sensor_node.dir/Core/Src/main.c.obj
 .debug_macro   0x0001b0ef     0x3558 CMakeFiles/G4_sensor_node.dir/Core/Src/main.c.obj
 .debug_macro   0x0001e647      0x190 CMakeFiles/G4_sensor_node.dir/Core/Src/main.c.obj
 .debug_macro   0x0001e7d7       0x5c CMakeFiles/G4_sensor_node.dir/Core/Src/main.c.obj
 .debug_macro   0x0001e833     0x171f CMakeFiles/G4_sensor_node.dir/Core/Src/main.c.obj
 .debug_macro   0x0001ff52      0x600 CMakeFiles/G4_sensor_node.dir/Core/Src/main.c.obj
 .debug_macro   0x00020552      0x1b6 CMakeFiles/G4_sensor_node.dir/Core/Src/main.c.obj
 .debug_macro   0x00020708      0x34a CMakeFiles/G4_sensor_node.dir/Core/Src/main.c.obj
 .debug_macro   0x00020a52      0x53c CMakeFiles/G4_sensor_node.dir/Core/Src/main.c.obj
 .debug_macro   0x00020f8e      0x18b CMakeFiles/G4_sensor_node.dir/Core/Src/main.c.obj
 .debug_macro   0x00021119       0x43 CMakeFiles/G4_sensor_node.dir/Core/Src/main.c.obj
 .debug_macro   0x0002115c      0x23d CMakeFiles/G4_sensor_node.dir/Core/Src/main.c.obj
 .debug_macro   0x00021399      0x211 CMakeFiles/G4_sensor_node.dir/Core/Src/main.c.obj
 .debug_macro   0x000215aa      0x45c CMakeFiles/G4_sensor_node.dir/Core/Src/main.c.obj
 .debug_macro   0x00021a06      0x11c CMakeFiles/G4_sensor_node.dir/Core/Src/main.c.obj
 .debug_macro   0x00021b22      0x122 CMakeFiles/G4_sensor_node.dir/Core/Src/main.c.obj
 .debug_macro   0x00021c44      0x3d1 CMakeFiles/G4_sensor_node.dir/Core/Src/main.c.obj
 .debug_macro   0x00022015      0x358 CMakeFiles/G4_sensor_node.dir/Core/Src/main.c.obj
 .debug_macro   0x0002236d       0x28 CMakeFiles/G4_sensor_node.dir/Core/Src/main.c.obj
 .debug_macro   0x00022395      0x1bf CMakeFiles/G4_sensor_node.dir/Core/Src/gpio.c.obj
 .debug_macro   0x00022554      0x1bf CMakeFiles/G4_sensor_node.dir/Core/Src/stm32g4xx_it.c.obj
 .debug_macro   0x00022713      0x1b5 CMakeFiles/G4_sensor_node.dir/Core/Src/stm32g4xx_hal_msp.c.obj
 .debug_macro   0x000228c8      0x1d0 CMakeFiles/G4_sensor_node.dir/Drivers/STM32G4xx_HAL_Driver/Src/stm32g4xx_hal_pwr_ex.c.obj
 .debug_macro   0x00022a98      0x1f4 CMakeFiles/G4_sensor_node.dir/Drivers/STM32G4xx_HAL_Driver/Src/stm32g4xx_hal.c.obj
 .debug_macro   0x00022c8c      0x1e8 CMakeFiles/G4_sensor_node.dir/Drivers/STM32G4xx_HAL_Driver/Src/stm32g4xx_hal_rcc.c.obj
 .debug_macro   0x00022e74      0x1ad CMakeFiles/G4_sensor_node.dir/Drivers/STM32G4xx_HAL_Driver/Src/stm32g4xx_hal_gpio.c.obj
 .debug_macro   0x00023021      0x1a6 CMakeFiles/G4_sensor_node.dir/Drivers/STM32G4xx_HAL_Driver/Src/stm32g4xx_hal_cortex.c.obj
 .debug_macro   0x000231c7      0x1a6 CMakeFiles/G4_sensor_node.dir/Core/Src/system_stm32g4xx.c.obj

.debug_line     0x00000000     0x65b0
 .debug_line    0x00000000      0x79a CMakeFiles/G4_sensor_node.dir/Core/Src/main.c.obj
 .debug_line    0x0000079a      0x748 CMakeFiles/G4_sensor_node.dir/Core/Src/gpio.c.obj
 .debug_line    0x00000ee2      0x7ce CMakeFiles/G4_sensor_node.dir/Core/Src/stm32g4xx_it.c.obj
 .debug_line    0x000016b0      0x721 CMakeFiles/G4_sensor_node.dir/Core/Src/stm32g4xx_hal_msp.c.obj
 .debug_line    0x00001dd1      0xcb7 CMakeFiles/G4_sensor_node.dir/Drivers/STM32G4xx_HAL_Driver/Src/stm32g4xx_hal_pwr_ex.c.obj
 .debug_line    0x00002a88      0xb58 CMakeFiles/G4_sensor_node.dir/Drivers/STM32G4xx_HAL_Driver/Src/stm32g4xx_hal.c.obj
 .debug_line    0x000035e0      0xfdb CMakeFiles/G4_sensor_node.dir/Drivers/STM32G4xx_HAL_Driver/Src/stm32g4xx_hal_rcc.c.obj
 .debug_line    0x000045bb      0xb31 CMakeFiles/G4_sensor_node.dir/Drivers/STM32G4xx_HAL_Driver/Src/stm32g4xx_hal_gpio.c.obj
 .debug_line    0x000050ec      0xcbd CMakeFiles/G4_sensor_node.dir/Drivers/STM32G4xx_HAL_Driver/Src/stm32g4xx_hal_cortex.c.obj
 .debug_line    0x00005da9      0x78c CMakeFiles/G4_sensor_node.dir/Core/Src/system_stm32g4xx.c.obj
 .debug_line    0x00006535       0x7b CMakeFiles/G4_sensor_node.dir/startup_stm32g474xx.s.obj

.debug_str      0x00000000    0xdef61
 .debug_str     0x00000000    0xdef61 CMakeFiles/G4_sensor_node.dir/Core/Src/main.c.obj
                              0xdd153 (size before relaxing)
 .debug_str     0x000def61    0xdd13b CMakeFiles/G4_sensor_node.dir/Core/Src/gpio.c.obj
 .debug_str     0x000def61    0xdcfa0 CMakeFiles/G4_sensor_node.dir/Core/Src/stm32g4xx_it.c.obj
 .debug_str     0x000def61    0xdd091 CMakeFiles/G4_sensor_node.dir/Core/Src/stm32g4xx_hal_msp.c.obj
 .debug_str     0x000def61    0xdd572 CMakeFiles/G4_sensor_node.dir/Drivers/STM32G4xx_HAL_Driver/Src/stm32g4xx_hal_pwr_ex.c.obj
 .debug_str     0x000def61    0xddd96 CMakeFiles/G4_sensor_node.dir/Drivers/STM32G4xx_HAL_Driver/Src/stm32g4xx_hal.c.obj
 .debug_str     0x000def61    0xdd7a3 CMakeFiles/G4_sensor_node.dir/Drivers/STM32G4xx_HAL_Driver/Src/stm32g4xx_hal_rcc.c.obj
 .debug_str     0x000def61    0xdd20f CMakeFiles/G4_sensor_node.dir/Drivers/STM32G4xx_HAL_Driver/Src/stm32g4xx_hal_gpio.c.obj
 .debug_str     0x000def61    0xdda52 CMakeFiles/G4_sensor_node.dir/Drivers/STM32G4xx_HAL_Driver/Src/stm32g4xx_hal_cortex.c.obj
 .debug_str     0x000def61    0xdd084 CMakeFiles/G4_sensor_node.dir/Core/Src/system_stm32g4xx.c.obj
 .debug_str     0x000def61       0xae CMakeFiles/G4_sensor_node.dir/startup_stm32g474xx.s.obj

.debug_line_str
                0x00000000       0x92
 .debug_line_str
                0x00000000       0x92 CMakeFiles/G4_sensor_node.dir/startup_stm32g474xx.s.obj
